Analysis & Synthesis report for Neander
Tue Jun 22 15:29:47 2021
Quartus II 64-Bit Version 13.0.1 Build 232 06/12/2013 Service Pack 1 SJ Web Edition


---------------------
; Table of Contents ;
---------------------
  1. Legal Notice
  2. Analysis & Synthesis Summary
  3. Analysis & Synthesis Settings
  4. Parallel Compilation
  5. Analysis & Synthesis Source Files Read
  6. Analysis & Synthesis Resource Usage Summary
  7. Analysis & Synthesis Resource Utilization by Entity
  8. State Machine - |Neander|estado
  9. User-Specified and Inferred Latches
 10. Registers Removed During Synthesis
 11. General Register Statistics
 12. Inverted Register Statistics
 13. Multiplexer Restructuring Statistics (Restructuring Performed)
 14. Port Connectivity Checks: "INST:OPCODE|Reg8Bits:CON"
 15. Port Connectivity Checks: "INST:OPCODE"
 16. Port Connectivity Checks: "NZ:NEGATIVOZERO|Reg2Bits:CON"
 17. Port Connectivity Checks: "RDM:REGRDM|Reg8Bits:CON"
 18. Port Connectivity Checks: "REMReg:REGREM|Reg8Bits:CON"
 19. Port Connectivity Checks: "ACC:ACUMULADOR|Reg8Bits:CON"
 20. Elapsed Time Per Partition
 21. Analysis & Synthesis Messages



----------------
; Legal Notice ;
----------------
Copyright (C) 1991-2013 Altera Corporation
Your use of Altera Corporation's design tools, logic functions 
and other software and tools, and its AMPP partner logic 
functions, and any output files from any of the foregoing 
(including device programming or simulation files), and any 
associated documentation or information are expressly subject 
to the terms and conditions of the Altera Program License 
Subscription Agreement, Altera MegaCore Function License 
Agreement, or other applicable license agreement, including, 
without limitation, that your use is for the sole purpose of 
programming logic devices manufactured by Altera and sold by 
Altera or its authorized distributors.  Please refer to the 
applicable agreement for further details.



+--------------------------------------------------------------------------------------+
; Analysis & Synthesis Summary                                                         ;
+------------------------------------+-------------------------------------------------+
; Analysis & Synthesis Status        ; Successful - Tue Jun 22 15:29:47 2021           ;
; Quartus II 64-Bit Version          ; 13.0.1 Build 232 06/12/2013 SP 1 SJ Web Edition ;
; Revision Name                      ; Neander                                         ;
; Top-level Entity Name              ; Neander                                         ;
; Family                             ; Cyclone II                                      ;
; Total logic elements               ; 364                                             ;
;     Total combinational functions  ; 252                                             ;
;     Dedicated logic registers      ; 174                                             ;
; Total registers                    ; 174                                             ;
; Total pins                         ; 14                                              ;
; Total virtual pins                 ; 0                                               ;
; Total memory bits                  ; 0                                               ;
; Embedded Multiplier 9-bit elements ; 0                                               ;
; Total PLLs                         ; 0                                               ;
+------------------------------------+-------------------------------------------------+


+----------------------------------------------------------------------------------------------------------------------+
; Analysis & Synthesis Settings                                                                                        ;
+----------------------------------------------------------------------------+--------------------+--------------------+
; Option                                                                     ; Setting            ; Default Value      ;
+----------------------------------------------------------------------------+--------------------+--------------------+
; Top-level entity name                                                      ; Neander            ; Neander            ;
; Family name                                                                ; Cyclone II         ; Cyclone IV GX      ;
; Use smart compilation                                                      ; Off                ; Off                ;
; Enable parallel Assembler and TimeQuest Timing Analyzer during compilation ; On                 ; On                 ;
; Enable compact report table                                                ; Off                ; Off                ;
; Restructure Multiplexers                                                   ; Auto               ; Auto               ;
; Create Debugging Nodes for IP Cores                                        ; Off                ; Off                ;
; Preserve fewer node names                                                  ; On                 ; On                 ;
; Disable OpenCore Plus hardware evaluation                                  ; Off                ; Off                ;
; Verilog Version                                                            ; Verilog_2001       ; Verilog_2001       ;
; VHDL Version                                                               ; VHDL_1993          ; VHDL_1993          ;
; State Machine Processing                                                   ; Auto               ; Auto               ;
; Safe State Machine                                                         ; Off                ; Off                ;
; Extract Verilog State Machines                                             ; On                 ; On                 ;
; Extract VHDL State Machines                                                ; On                 ; On                 ;
; Ignore Verilog initial constructs                                          ; Off                ; Off                ;
; Iteration limit for constant Verilog loops                                 ; 5000               ; 5000               ;
; Iteration limit for non-constant Verilog loops                             ; 250                ; 250                ;
; Add Pass-Through Logic to Inferred RAMs                                    ; On                 ; On                 ;
; Infer RAMs from Raw Logic                                                  ; On                 ; On                 ;
; Parallel Synthesis                                                         ; On                 ; On                 ;
; DSP Block Balancing                                                        ; Auto               ; Auto               ;
; NOT Gate Push-Back                                                         ; On                 ; On                 ;
; Power-Up Don't Care                                                        ; On                 ; On                 ;
; Remove Redundant Logic Cells                                               ; Off                ; Off                ;
; Remove Duplicate Registers                                                 ; On                 ; On                 ;
; Ignore CARRY Buffers                                                       ; Off                ; Off                ;
; Ignore CASCADE Buffers                                                     ; Off                ; Off                ;
; Ignore GLOBAL Buffers                                                      ; Off                ; Off                ;
; Ignore ROW GLOBAL Buffers                                                  ; Off                ; Off                ;
; Ignore LCELL Buffers                                                       ; Off                ; Off                ;
; Ignore SOFT Buffers                                                        ; On                 ; On                 ;
; Limit AHDL Integers to 32 Bits                                             ; Off                ; Off                ;
; Optimization Technique                                                     ; Balanced           ; Balanced           ;
; Carry Chain Length                                                         ; 70                 ; 70                 ;
; Auto Carry Chains                                                          ; On                 ; On                 ;
; Auto Open-Drain Pins                                                       ; On                 ; On                 ;
; Perform WYSIWYG Primitive Resynthesis                                      ; Off                ; Off                ;
; Auto ROM Replacement                                                       ; On                 ; On                 ;
; Auto RAM Replacement                                                       ; On                 ; On                 ;
; Auto Shift Register Replacement                                            ; Auto               ; Auto               ;
; Allow Shift Register Merging across Hierarchies                            ; Auto               ; Auto               ;
; Auto Clock Enable Replacement                                              ; On                 ; On                 ;
; Strict RAM Replacement                                                     ; Off                ; Off                ;
; Allow Synchronous Control Signals                                          ; On                 ; On                 ;
; Force Use of Synchronous Clear Signals                                     ; Off                ; Off                ;
; Auto RAM to Logic Cell Conversion                                          ; Off                ; Off                ;
; Auto Resource Sharing                                                      ; Off                ; Off                ;
; Allow Any RAM Size For Recognition                                         ; Off                ; Off                ;
; Allow Any ROM Size For Recognition                                         ; Off                ; Off                ;
; Allow Any Shift Register Size For Recognition                              ; Off                ; Off                ;
; Use LogicLock Constraints during Resource Balancing                        ; On                 ; On                 ;
; Ignore translate_off and synthesis_off directives                          ; Off                ; Off                ;
; Timing-Driven Synthesis                                                    ; Off                ; Off                ;
; Report Parameter Settings                                                  ; On                 ; On                 ;
; Report Source Assignments                                                  ; On                 ; On                 ;
; Report Connectivity Checks                                                 ; On                 ; On                 ;
; Ignore Maximum Fan-Out Assignments                                         ; Off                ; Off                ;
; Synchronization Register Chain Length                                      ; 2                  ; 2                  ;
; PowerPlay Power Optimization                                               ; Normal compilation ; Normal compilation ;
; HDL message level                                                          ; Level2             ; Level2             ;
; Suppress Register Optimization Related Messages                            ; Off                ; Off                ;
; Number of Removed Registers Reported in Synthesis Report                   ; 5000               ; 5000               ;
; Number of Swept Nodes Reported in Synthesis Report                         ; 5000               ; 5000               ;
; Number of Inverted Registers Reported in Synthesis Report                  ; 100                ; 100                ;
; Clock MUX Protection                                                       ; On                 ; On                 ;
; Auto Gated Clock Conversion                                                ; Off                ; Off                ;
; Block Design Naming                                                        ; Auto               ; Auto               ;
; SDC constraint protection                                                  ; Off                ; Off                ;
; Synthesis Effort                                                           ; Auto               ; Auto               ;
; Shift Register Replacement - Allow Asynchronous Clear Signal               ; On                 ; On                 ;
; Pre-Mapping Resynthesis Optimization                                       ; Off                ; Off                ;
; Analysis & Synthesis Message Level                                         ; Medium             ; Medium             ;
; Disable Register Merging Across Hierarchies                                ; Auto               ; Auto               ;
; Resource Aware Inference For Block RAM                                     ; On                 ; On                 ;
; Synthesis Seed                                                             ; 1                  ; 1                  ;
+----------------------------------------------------------------------------+--------------------+--------------------+


Parallel compilation was disabled, but you have multiple processors available. Enable parallel compilation to reduce compilation time.
+-------------------------------------+
; Parallel Compilation                ;
+----------------------------+--------+
; Processors                 ; Number ;
+----------------------------+--------+
; Number detected on machine ; 4      ;
; Maximum allowed            ; 1      ;
+----------------------------+--------+


+------------------------------------------------------------------------------------------------------------------------------------+
; Analysis & Synthesis Source Files Read                                                                                             ;
+----------------------------------+-----------------+-----------------------+---------------------------------------------+---------+
; File Name with User-Entered Path ; Used in Netlist ; File Type             ; File Name with Absolute Path                ; Library ;
+----------------------------------+-----------------+-----------------------+---------------------------------------------+---------+
; Neander.vhd                      ; yes             ; User VHDL File        ; C:/Users/wagne/Desktop/Neander/Neander.vhd  ;         ;
; acc.vhd                          ; yes             ; Auto-Found VHDL File  ; C:/Users/wagne/Desktop/Neander/acc.vhd      ;         ;
; reg8bits.vhd                     ; yes             ; Auto-Found VHDL File  ; C:/Users/wagne/Desktop/Neander/reg8bits.vhd ;         ;
; ula.vhd                          ; yes             ; Auto-Found VHDL File  ; C:/Users/wagne/Desktop/Neander/ula.vhd      ;         ;
; pc.vhd                           ; yes             ; Auto-Found VHDL File  ; C:/Users/wagne/Desktop/Neander/pc.vhd       ;         ;
; mux21.vhd                        ; yes             ; Auto-Found VHDL File  ; C:/Users/wagne/Desktop/Neander/mux21.vhd    ;         ;
; remreg.vhd                       ; yes             ; Auto-Found VHDL File  ; C:/Users/wagne/Desktop/Neander/remreg.vhd   ;         ;
; ram.vhd                          ; yes             ; Auto-Found VHDL File  ; C:/Users/wagne/Desktop/Neander/ram.vhd      ;         ;
; rdm.vhd                          ; yes             ; Auto-Found VHDL File  ; C:/Users/wagne/Desktop/Neander/rdm.vhd      ;         ;
; nz.vhd                           ; yes             ; Auto-Found VHDL File  ; C:/Users/wagne/Desktop/Neander/nz.vhd       ;         ;
; reg2bits.vhd                     ; yes             ; Auto-Found VHDL File  ; C:/Users/wagne/Desktop/Neander/reg2bits.vhd ;         ;
; inst.vhd                         ; yes             ; Auto-Found VHDL File  ; C:/Users/wagne/Desktop/Neander/inst.vhd     ;         ;
+----------------------------------+-----------------+-----------------------+---------------------------------------------+---------+


+-----------------------------------------------------+
; Analysis & Synthesis Resource Usage Summary         ;
+---------------------------------------------+-------+
; Resource                                    ; Usage ;
+---------------------------------------------+-------+
; Estimated Total logic elements              ; 364   ;
;                                             ;       ;
; Total combinational functions               ; 252   ;
; Logic element usage by number of LUT inputs ;       ;
;     -- 4 input functions                    ; 155   ;
;     -- 3 input functions                    ; 41    ;
;     -- <=2 input functions                  ; 56    ;
;                                             ;       ;
; Logic elements by mode                      ;       ;
;     -- normal mode                          ; 242   ;
;     -- arithmetic mode                      ; 10    ;
;                                             ;       ;
; Total registers                             ; 174   ;
;     -- Dedicated logic registers            ; 174   ;
;     -- I/O registers                        ; 0     ;
;                                             ;       ;
; I/O pins                                    ; 14    ;
; Embedded Multiplier 9-bit elements          ; 0     ;
; Maximum fan-out node                        ; clock ;
; Maximum fan-out                             ; 174   ;
; Total fan-out                               ; 1471  ;
; Average fan-out                             ; 3.34  ;
+---------------------------------------------+-------+


+-----------------------------------------------------------------------------------------------------------------------------------------------------------------------------------------------+
; Analysis & Synthesis Resource Utilization by Entity                                                                                                                                           ;
+----------------------------+-------------------+--------------+-------------+--------------+---------+-----------+------+--------------+---------------------------------------+--------------+
; Compilation Hierarchy Node ; LC Combinationals ; LC Registers ; Memory Bits ; DSP Elements ; DSP 9x9 ; DSP 18x18 ; Pins ; Virtual Pins ; Full Hierarchy Name                   ; Library Name ;
+----------------------------+-------------------+--------------+-------------+--------------+---------+-----------+------+--------------+---------------------------------------+--------------+
; |Neander                   ; 252 (62)          ; 174 (9)      ; 0           ; 0            ; 0       ; 0         ; 14   ; 0            ; |Neander                              ; work         ;
;    |ACC:ACUMULADOR|        ; 0 (0)             ; 8 (0)        ; 0           ; 0            ; 0       ; 0         ; 0    ; 0            ; |Neander|ACC:ACUMULADOR               ; work         ;
;       |Reg8Bits:CON|       ; 0 (0)             ; 8 (8)        ; 0           ; 0            ; 0       ; 0         ; 0    ; 0            ; |Neander|ACC:ACUMULADOR|Reg8Bits:CON  ; work         ;
;    |INST:OPCODE|           ; 0 (0)             ; 4 (0)        ; 0           ; 0            ; 0       ; 0         ; 0    ; 0            ; |Neander|INST:OPCODE                  ; work         ;
;       |Reg8Bits:CON|       ; 0 (0)             ; 4 (4)        ; 0           ; 0            ; 0       ; 0         ; 0    ; 0            ; |Neander|INST:OPCODE|Reg8Bits:CON     ; work         ;
;    |MUX21:SELETOR|         ; 4 (4)             ; 0 (0)        ; 0           ; 0            ; 0       ; 0         ; 0    ; 0            ; |Neander|MUX21:SELETOR                ; work         ;
;    |NZ:NEGATIVOZERO|       ; 0 (0)             ; 1 (0)        ; 0           ; 0            ; 0       ; 0         ; 0    ; 0            ; |Neander|NZ:NEGATIVOZERO              ; work         ;
;       |Reg2Bits:CON|       ; 0 (0)             ; 1 (1)        ; 0           ; 0            ; 0       ; 0         ; 0    ; 0            ; |Neander|NZ:NEGATIVOZERO|Reg2Bits:CON ; work         ;
;    |PC:PROGRAM_COUNTER|    ; 5 (5)             ; 4 (4)        ; 0           ; 0            ; 0       ; 0         ; 0    ; 0            ; |Neander|PC:PROGRAM_COUNTER           ; work         ;
;    |RAM:MEMORIA|           ; 145 (145)         ; 136 (136)    ; 0           ; 0            ; 0       ; 0         ; 0    ; 0            ; |Neander|RAM:MEMORIA                  ; work         ;
;    |RDM:REGRDM|            ; 0 (0)             ; 8 (0)        ; 0           ; 0            ; 0       ; 0         ; 0    ; 0            ; |Neander|RDM:REGRDM                   ; work         ;
;       |Reg8Bits:CON|       ; 0 (0)             ; 8 (8)        ; 0           ; 0            ; 0       ; 0         ; 0    ; 0            ; |Neander|RDM:REGRDM|Reg8Bits:CON      ; work         ;
;    |REMReg:REGREM|         ; 0 (0)             ; 4 (0)        ; 0           ; 0            ; 0       ; 0         ; 0    ; 0            ; |Neander|REMReg:REGREM                ; work         ;
;       |Reg8Bits:CON|       ; 0 (0)             ; 4 (4)        ; 0           ; 0            ; 0       ; 0         ; 0    ; 0            ; |Neander|REMReg:REGREM|Reg8Bits:CON   ; work         ;
;    |ULA:UAL|               ; 36 (36)           ; 0 (0)        ; 0           ; 0            ; 0       ; 0         ; 0    ; 0            ; |Neander|ULA:UAL                      ; work         ;
+----------------------------+-------------------+--------------+-------------+--------------+---------+-----------+------+--------------+---------------------------------------+--------------+
Note: For table entries with two numbers listed, the numbers in parentheses indicate the number of resources of the given type used by the specific entity alone. The numbers listed outside of parentheses indicate the total resources of the given type used by the specific entity and all of its sub-entities in the hierarchy.


Encoding Type:  One-Hot
+-------------------------------------------------------------------------------------------------------------------------+
; State Machine - |Neander|estado                                                                                         ;
+------------+------------+-----------+-----------+-----------+-----------+-----------+-----------+-----------+-----------+
; Name       ; estado.hlt ; estado.t7 ; estado.t6 ; estado.t5 ; estado.t4 ; estado.t3 ; estado.t2 ; estado.t1 ; estado.t0 ;
+------------+------------+-----------+-----------+-----------+-----------+-----------+-----------+-----------+-----------+
; estado.t0  ; 0          ; 0         ; 0         ; 0         ; 0         ; 0         ; 0         ; 0         ; 0         ;
; estado.t1  ; 0          ; 0         ; 0         ; 0         ; 0         ; 0         ; 0         ; 1         ; 1         ;
; estado.t2  ; 0          ; 0         ; 0         ; 0         ; 0         ; 0         ; 1         ; 0         ; 1         ;
; estado.t3  ; 0          ; 0         ; 0         ; 0         ; 0         ; 1         ; 0         ; 0         ; 1         ;
; estado.t4  ; 0          ; 0         ; 0         ; 0         ; 1         ; 0         ; 0         ; 0         ; 1         ;
; estado.t5  ; 0          ; 0         ; 0         ; 1         ; 0         ; 0         ; 0         ; 0         ; 1         ;
; estado.t6  ; 0          ; 0         ; 1         ; 0         ; 0         ; 0         ; 0         ; 0         ; 1         ;
; estado.t7  ; 0          ; 1         ; 0         ; 0         ; 0         ; 0         ; 0         ; 0         ; 1         ;
; estado.hlt ; 1          ; 0         ; 0         ; 0         ; 0         ; 0         ; 0         ; 0         ; 1         ;
+------------+------------+-----------+-----------+-----------+-----------+-----------+-----------+-----------+-----------+


+----------------------------------------------------------------------------------------------------+
; User-Specified and Inferred Latches                                                                ;
+-----------------------------------------------------+---------------------+------------------------+
; Latch Name                                          ; Latch Enable Signal ; Free of Timing Hazards ;
+-----------------------------------------------------+---------------------+------------------------+
; selULA[1]                                           ; Selector2           ; yes                    ;
; selULA[0]                                           ; Selector2           ; yes                    ;
; selULA[2]                                           ; Selector2           ; yes                    ;
; cargaAC                                             ; Selector23          ; yes                    ;
; writeSignal                                         ; Selector13          ; yes                    ;
; cargaNZ                                             ; Selector23          ; yes                    ;
; cargaRI                                             ; WideOr4             ; yes                    ;
; sel                                                 ; Selector17          ; yes                    ;
; cargaREM                                            ; Selector16          ; yes                    ;
; cargaRDM                                            ; Selector14          ; yes                    ;
; cargaPC                                             ; Selector20          ; yes                    ;
; incrementaPC                                        ; Selector19          ; yes                    ;
; Number of user-specified and inferred latches = 12  ;                     ;                        ;
+-----------------------------------------------------+---------------------+------------------------+
Note: All latches listed above may not be present at the end of synthesis due to various synthesis optimizations.


+--------------------------------------------------------------------------------------------+
; Registers Removed During Synthesis                                                         ;
+----------------------------------------+---------------------------------------------------+
; Register name                          ; Reason for Removal                                ;
+----------------------------------------+---------------------------------------------------+
; RAM:MEMORIA|saida[0]~en                ; Lost fanout                                       ;
; RAM:MEMORIA|saida[1]~en                ; Lost fanout                                       ;
; RAM:MEMORIA|saida[2]~en                ; Lost fanout                                       ;
; RAM:MEMORIA|saida[3]~en                ; Lost fanout                                       ;
; RAM:MEMORIA|saida[4]~en                ; Lost fanout                                       ;
; RAM:MEMORIA|saida[5]~en                ; Lost fanout                                       ;
; RAM:MEMORIA|saida[6]~en                ; Lost fanout                                       ;
; RAM:MEMORIA|saida[7]~en                ; Lost fanout                                       ;
; PC:PROGRAM_COUNTER|count[4..7]         ; Lost fanout                                       ;
; NZ:NEGATIVOZERO|Reg2Bits:CON|q_temp[0] ; Merged with ACC:ACUMULADOR|Reg8Bits:CON|q_temp[7] ;
; Total Number of Removed Registers = 13 ;                                                   ;
+----------------------------------------+---------------------------------------------------+


+------------------------------------------------------+
; General Register Statistics                          ;
+----------------------------------------------+-------+
; Statistic                                    ; Value ;
+----------------------------------------------+-------+
; Total registers                              ; 174   ;
; Number of registers using Synchronous Clear  ; 0     ;
; Number of registers using Synchronous Load   ; 4     ;
; Number of registers using Asynchronous Clear ; 117   ;
; Number of registers using Asynchronous Load  ; 0     ;
; Number of registers using Clock Enable       ; 165   ;
; Number of registers using Preset             ; 0     ;
+----------------------------------------------+-------+


+---------------------------------------------------+
; Inverted Register Statistics                      ;
+-----------------------------------------+---------+
; Inverted Register                       ; Fan out ;
+-----------------------------------------+---------+
; RAM:MEMORIA|MEMORY[1][0]                ; 1       ;
; RAM:MEMORIA|MEMORY[14][0]               ; 1       ;
; RAM:MEMORIA|MEMORY[7][0]                ; 1       ;
; RAM:MEMORIA|MEMORY[11][0]               ; 1       ;
; RAM:MEMORIA|MEMORY[5][1]                ; 1       ;
; RAM:MEMORIA|MEMORY[1][1]                ; 1       ;
; RAM:MEMORIA|MEMORY[3][1]                ; 1       ;
; RAM:MEMORIA|MEMORY[13][1]               ; 1       ;
; RAM:MEMORIA|MEMORY[11][2]               ; 1       ;
; RAM:MEMORIA|MEMORY[7][2]                ; 1       ;
; RAM:MEMORIA|MEMORY[3][2]                ; 1       ;
; RAM:MEMORIA|MEMORY[11][3]               ; 1       ;
; RAM:MEMORIA|MEMORY[7][3]                ; 1       ;
; RAM:MEMORIA|MEMORY[1][3]                ; 1       ;
; RAM:MEMORIA|MEMORY[3][3]                ; 1       ;
; RAM:MEMORIA|MEMORY[9][4]                ; 1       ;
; RAM:MEMORIA|MEMORY[13][4]               ; 1       ;
; RAM:MEMORIA|MEMORY[6][4]                ; 1       ;
; RAM:MEMORIA|MEMORY[2][4]                ; 1       ;
; RAM:MEMORIA|MEMORY[4][4]                ; 1       ;
; RAM:MEMORIA|MEMORY[11][4]               ; 1       ;
; RAM:MEMORIA|MEMORY[6][5]                ; 1       ;
; RAM:MEMORIA|MEMORY[9][5]                ; 1       ;
; RAM:MEMORIA|MEMORY[11][5]               ; 1       ;
; RAM:MEMORIA|MEMORY[2][5]                ; 1       ;
; RAM:MEMORIA|MEMORY[0][5]                ; 1       ;
; RAM:MEMORIA|MEMORY[13][5]               ; 1       ;
; RAM:MEMORIA|MEMORY[9][6]                ; 1       ;
; RAM:MEMORIA|MEMORY[11][6]               ; 1       ;
; RAM:MEMORIA|MEMORY[9][7]                ; 1       ;
; RAM:MEMORIA|MEMORY[11][7]               ; 1       ;
; RAM:MEMORIA|MEMORY[4][7]                ; 1       ;
; Total number of inverted registers = 32 ;         ;
+-----------------------------------------+---------+


+----------------------------------------------------------------------------------------------------------------------------------------------------+
; Multiplexer Restructuring Statistics (Restructuring Performed)                                                                                     ;
+--------------------+-----------+---------------+----------------------+------------------------+------------+--------------------------------------+
; Multiplexer Inputs ; Bus Width ; Baseline Area ; Area if Restructured ; Saving if Restructured ; Registered ; Example Multiplexer Output           ;
+--------------------+-----------+---------------+----------------------+------------------------+------------+--------------------------------------+
; 3:1                ; 8 bits    ; 16 LEs        ; 8 LEs                ; 8 LEs                  ; Yes        ; |Neander|PC:PROGRAM_COUNTER|count[4] ;
; 16:1               ; 8 bits    ; 80 LEs        ; 80 LEs               ; 0 LEs                  ; Yes        ; |Neander|RAM:MEMORIA|saida[6]~reg0   ;
; 3:1                ; 2 bits    ; 4 LEs         ; 2 LEs                ; 2 LEs                  ; No         ; |Neander|selULA[0]                   ;
; 8:1                ; 8 bits    ; 40 LEs        ; 32 LEs               ; 8 LEs                  ; No         ; |Neander|ULA:UAL|Mux0                ;
+--------------------+-----------+---------------+----------------------+------------------------+------------+--------------------------------------+


+-------------------------------------------------------------------------------------------------------------------------------------------------------------------------+
; Port Connectivity Checks: "INST:OPCODE|Reg8Bits:CON"                                                                                                                    ;
+-------+-------+----------+----------------------------------------------------------------------------------------------------------------------------------------------+
; Port  ; Type  ; Severity ; Details                                                                                                                                      ;
+-------+-------+----------+----------------------------------------------------------------------------------------------------------------------------------------------+
; clear ; Input ; Warning  ; Declared by entity but not connected by instance. If a default value exists, it will be used.  Otherwise, the port will be connected to GND. ;
+-------+-------+----------+----------------------------------------------------------------------------------------------------------------------------------------------+


+-----------------------------------------------------------------------------------------------------------------------+
; Port Connectivity Checks: "INST:OPCODE"                                                                               ;
+-------------+--------+----------+-------------------------------------------------------------------------------------+
; Port        ; Type   ; Severity ; Details                                                                             ;
+-------------+--------+----------+-------------------------------------------------------------------------------------+
; saida[3..0] ; Output ; Info     ; Connected to dangling logic. Logic that only feeds a dangling port will be removed. ;
+-------------+--------+----------+-------------------------------------------------------------------------------------+


+-------------------------------------------------------------------------------------------------------------------------------------------------------------------------+
; Port Connectivity Checks: "NZ:NEGATIVOZERO|Reg2Bits:CON"                                                                                                                ;
+-------+-------+----------+----------------------------------------------------------------------------------------------------------------------------------------------+
; Port  ; Type  ; Severity ; Details                                                                                                                                      ;
+-------+-------+----------+----------------------------------------------------------------------------------------------------------------------------------------------+
; clear ; Input ; Warning  ; Declared by entity but not connected by instance. If a default value exists, it will be used.  Otherwise, the port will be connected to GND. ;
+-------+-------+----------+----------------------------------------------------------------------------------------------------------------------------------------------+


+-------------------------------------------------------------------------------------------------------------------------------------------------------------------------+
; Port Connectivity Checks: "RDM:REGRDM|Reg8Bits:CON"                                                                                                                     ;
+-------+-------+----------+----------------------------------------------------------------------------------------------------------------------------------------------+
; Port  ; Type  ; Severity ; Details                                                                                                                                      ;
+-------+-------+----------+----------------------------------------------------------------------------------------------------------------------------------------------+
; clear ; Input ; Warning  ; Declared by entity but not connected by instance. If a default value exists, it will be used.  Otherwise, the port will be connected to GND. ;
+-------+-------+----------+----------------------------------------------------------------------------------------------------------------------------------------------+


+-------------------------------------------------------------------------------------------------------------------------------------------------------------------------+
; Port Connectivity Checks: "REMReg:REGREM|Reg8Bits:CON"                                                                                                                  ;
+-------+-------+----------+----------------------------------------------------------------------------------------------------------------------------------------------+
; Port  ; Type  ; Severity ; Details                                                                                                                                      ;
+-------+-------+----------+----------------------------------------------------------------------------------------------------------------------------------------------+
; clear ; Input ; Warning  ; Declared by entity but not connected by instance. If a default value exists, it will be used.  Otherwise, the port will be connected to GND. ;
+-------+-------+----------+----------------------------------------------------------------------------------------------------------------------------------------------+


+-------------------------------------------------------------------------------------------------------------------------------------------------------------------------+
; Port Connectivity Checks: "ACC:ACUMULADOR|Reg8Bits:CON"                                                                                                                 ;
+-------+-------+----------+----------------------------------------------------------------------------------------------------------------------------------------------+
; Port  ; Type  ; Severity ; Details                                                                                                                                      ;
+-------+-------+----------+----------------------------------------------------------------------------------------------------------------------------------------------+
; clear ; Input ; Warning  ; Declared by entity but not connected by instance. If a default value exists, it will be used.  Otherwise, the port will be connected to GND. ;
+-------+-------+----------+----------------------------------------------------------------------------------------------------------------------------------------------+


+-------------------------------+
; Elapsed Time Per Partition    ;
+----------------+--------------+
; Partition Name ; Elapsed Time ;
+----------------+--------------+
; Top            ; 00:00:00     ;
+----------------+--------------+


+-------------------------------+
; Analysis & Synthesis Messages ;
+-------------------------------+
Info: *******************************************************************
Info: Running Quartus II 64-Bit Analysis & Synthesis
    Info: Version 13.0.1 Build 232 06/12/2013 Service Pack 1 SJ Web Edition
    Info: Processing started: Tue Jun 22 15:29:45 2021
Info: Command: quartus_map --read_settings_files=on --write_settings_files=off Neander -c Neander
Warning (20028): Parallel compilation is not licensed and has been disabled
Info (12021): Found 2 design units, including 1 entities, in source file neander.vhd
    Info (12022): Found design unit 1: Neander-Arc
    Info (12023): Found entity 1: Neander
Info (12127): Elaborating entity "Neander" for the top level hierarchy
Warning (10492): VHDL Process Statement warning at Neander.vhd(280): signal "nzout" is read inside the Process Statement but isn't in the Process Statement's sensitivity list
Warning (10492): VHDL Process Statement warning at Neander.vhd(283): signal "nzout" is read inside the Process Statement but isn't in the Process Statement's sensitivity list
Warning (10492): VHDL Process Statement warning at Neander.vhd(287): signal "nzout" is read inside the Process Statement but isn't in the Process Statement's sensitivity list
Warning (10492): VHDL Process Statement warning at Neander.vhd(290): signal "nzout" is read inside the Process Statement but isn't in the Process Statement's sensitivity list
Warning (10492): VHDL Process Statement warning at Neander.vhd(316): signal "nzout" is read inside the Process Statement but isn't in the Process Statement's sensitivity list
Warning (10492): VHDL Process Statement warning at Neander.vhd(319): signal "nzout" is read inside the Process Statement but isn't in the Process Statement's sensitivity list
Warning (10492): VHDL Process Statement warning at Neander.vhd(337): signal "nzout" is read inside the Process Statement but isn't in the Process Statement's sensitivity list
Warning (10492): VHDL Process Statement warning at Neander.vhd(340): signal "nzout" is read inside the Process Statement but isn't in the Process Statement's sensitivity list
Warning (10631): VHDL Process Statement warning at Neander.vhd(236): inferring latch(es) for signal or variable "cargaAC", which holds its previous value in one or more paths through the process
Warning (10631): VHDL Process Statement warning at Neander.vhd(236): inferring latch(es) for signal or variable "cargaNZ", which holds its previous value in one or more paths through the process
Warning (10631): VHDL Process Statement warning at Neander.vhd(236): inferring latch(es) for signal or variable "cargaRI", which holds its previous value in one or more paths through the process
Warning (10631): VHDL Process Statement warning at Neander.vhd(236): inferring latch(es) for signal or variable "cargaPC", which holds its previous value in one or more paths through the process
Warning (10631): VHDL Process Statement warning at Neander.vhd(236): inferring latch(es) for signal or variable "incrementaPC", which holds its previous value in one or more paths through the process
Warning (10631): VHDL Process Statement warning at Neander.vhd(236): inferring latch(es) for signal or variable "sel", which holds its previous value in one or more paths through the process
Warning (10631): VHDL Process Statement warning at Neander.vhd(236): inferring latch(es) for signal or variable "cargaREM", which holds its previous value in one or more paths through the process
Warning (10631): VHDL Process Statement warning at Neander.vhd(236): inferring latch(es) for signal or variable "cargaRDM", which holds its previous value in one or more paths through the process
Warning (10631): VHDL Process Statement warning at Neander.vhd(236): inferring latch(es) for signal or variable "readSignal", which holds its previous value in one or more paths through the process
Warning (10631): VHDL Process Statement warning at Neander.vhd(236): inferring latch(es) for signal or variable "writeSignal", which holds its previous value in one or more paths through the process
Warning (10631): VHDL Process Statement warning at Neander.vhd(236): inferring latch(es) for signal or variable "selULA", which holds its previous value in one or more paths through the process
Info (10041): Inferred latch for "selULA[0]" at Neander.vhd(236)
Info (10041): Inferred latch for "selULA[1]" at Neander.vhd(236)
Info (10041): Inferred latch for "selULA[2]" at Neander.vhd(236)
Info (10041): Inferred latch for "writeSignal" at Neander.vhd(236)
Info (10041): Inferred latch for "readSignal" at Neander.vhd(236)
Info (10041): Inferred latch for "cargaRDM" at Neander.vhd(236)
Info (10041): Inferred latch for "cargaREM" at Neander.vhd(236)
Info (10041): Inferred latch for "sel" at Neander.vhd(236)
Info (10041): Inferred latch for "incrementaPC" at Neander.vhd(236)
Info (10041): Inferred latch for "cargaPC" at Neander.vhd(236)
Info (10041): Inferred latch for "cargaRI" at Neander.vhd(236)
Info (10041): Inferred latch for "cargaNZ" at Neander.vhd(236)
Info (10041): Inferred latch for "cargaAC" at Neander.vhd(236)
Warning (12125): Using design file acc.vhd, which is not specified as a design file for the current project, but contains definitions for 2 design units and 1 entities in project
    Info (12022): Found design unit 1: ACC-arc
    Info (12023): Found entity 1: ACC
Info (12128): Elaborating entity "ACC" for hierarchy "ACC:ACUMULADOR"
Warning (12125): Using design file reg8bits.vhd, which is not specified as a design file for the current project, but contains definitions for 2 design units and 1 entities in project
    Info (12022): Found design unit 1: Reg8Bits-arc
    Info (12023): Found entity 1: Reg8Bits
Info (12128): Elaborating entity "Reg8Bits" for hierarchy "ACC:ACUMULADOR|Reg8Bits:CON"
Warning (10492): VHDL Process Statement warning at reg8bits.vhd(21): signal "clear" is read inside the Process Statement but isn't in the Process Statement's sensitivity list
Warning (12125): Using design file ula.vhd, which is not specified as a design file for the current project, but contains definitions for 2 design units and 1 entities in project
    Info (12022): Found design unit 1: ULA-ULA_ARQ
    Info (12023): Found entity 1: ULA
Info (12128): Elaborating entity "ULA" for hierarchy "ULA:UAL"
Warning (10492): VHDL Process Statement warning at ula.vhd(33): signal "sig_saida" is read inside the Process Statement but isn't in the Process Statement's sensitivity list
Warning (10492): VHDL Process Statement warning at ula.vhd(39): signal "sig_saida" is read inside the Process Statement but isn't in the Process Statement's sensitivity list
Warning (12125): Using design file pc.vhd, which is not specified as a design file for the current project, but contains definitions for 2 design units and 1 entities in project
    Info (12022): Found design unit 1: PC-arc
    Info (12023): Found entity 1: PC
Info (12128): Elaborating entity "PC" for hierarchy "PC:PROGRAM_COUNTER"
Warning (10492): VHDL Process Statement warning at pc.vhd(21): signal "reset" is read inside the Process Statement but isn't in the Process Statement's sensitivity list
Warning (12125): Using design file mux21.vhd, which is not specified as a design file for the current project, but contains definitions for 2 design units and 1 entities in project
    Info (12022): Found design unit 1: MUX21-arq_Mux21
    Info (12023): Found entity 1: MUX21
Info (12128): Elaborating entity "MUX21" for hierarchy "MUX21:SELETOR"
Warning (12125): Using design file remreg.vhd, which is not specified as a design file for the current project, but contains definitions for 2 design units and 1 entities in project
    Info (12022): Found design unit 1: REMReg-arc
    Info (12023): Found entity 1: REMReg
Info (12128): Elaborating entity "REMReg" for hierarchy "REMReg:REGREM"
Warning (12125): Using design file ram.vhd, which is not specified as a design file for the current project, but contains definitions for 2 design units and 1 entities in project
    Info (12022): Found design unit 1: RAM-arc
    Info (12023): Found entity 1: RAM
Info (12128): Elaborating entity "RAM" for hierarchy "RAM:MEMORIA"
Warning (10492): VHDL Process Statement warning at ram.vhd(24): signal "endereco" is read inside the Process Statement but isn't in the Process Statement's sensitivity list
Warning (10492): VHDL Process Statement warning at ram.vhd(25): signal "reset" is read inside the Process Statement but isn't in the Process Statement's sensitivity list
Warning (12125): Using design file rdm.vhd, which is not specified as a design file for the current project, but contains definitions for 2 design units and 1 entities in project
    Info (12022): Found design unit 1: RDM-arc
    Info (12023): Found entity 1: RDM
Info (12128): Elaborating entity "RDM" for hierarchy "RDM:REGRDM"
Warning (12125): Using design file nz.vhd, which is not specified as a design file for the current project, but contains definitions for 2 design units and 1 entities in project
    Info (12022): Found design unit 1: NZ-arc
    Info (12023): Found entity 1: NZ
Info (12128): Elaborating entity "NZ" for hierarchy "NZ:NEGATIVOZERO"
Warning (12125): Using design file reg2bits.vhd, which is not specified as a design file for the current project, but contains definitions for 2 design units and 1 entities in project
    Info (12022): Found design unit 1: Reg2Bits-arc
    Info (12023): Found entity 1: Reg2Bits
Info (12128): Elaborating entity "Reg2Bits" for hierarchy "NZ:NEGATIVOZERO|Reg2Bits:CON"
Warning (10492): VHDL Process Statement warning at reg2bits.vhd(21): signal "clear" is read inside the Process Statement but isn't in the Process Statement's sensitivity list
Warning (12125): Using design file inst.vhd, which is not specified as a design file for the current project, but contains definitions for 2 design units and 1 entities in project
    Info (12022): Found design unit 1: INST-arc
    Info (12023): Found entity 1: INST
Info (12128): Elaborating entity "INST" for hierarchy "INST:OPCODE"
Warning (13046): Tri-state node(s) do not directly drive top-level pin(s)
    Warning (13049): Converted tri-state buffer "RAM:MEMORIA|saida[0]" feeding internal logic into a wire
    Warning (13049): Converted tri-state buffer "RAM:MEMORIA|saida[1]" feeding internal logic into a wire
    Warning (13049): Converted tri-state buffer "RAM:MEMORIA|saida[2]" feeding internal logic into a wire
    Warning (13049): Converted tri-state buffer "RAM:MEMORIA|saida[3]" feeding internal logic into a wire
    Warning (13049): Converted tri-state buffer "RAM:MEMORIA|saida[4]" feeding internal logic into a wire
    Warning (13049): Converted tri-state buffer "RAM:MEMORIA|saida[5]" feeding internal logic into a wire
    Warning (13049): Converted tri-state buffer "RAM:MEMORIA|saida[6]" feeding internal logic into a wire
    Warning (13049): Converted tri-state buffer "RAM:MEMORIA|saida[7]" feeding internal logic into a wire
Warning (12241): 5 hierarchies have connectivity warnings - see the Connectivity Checks report folder
Info (13025): Duplicate LATCH primitives merged into single LATCH primitive
    Info (13026): Duplicate LATCH primitive "cargaNZ" merged with LATCH primitive "cargaAC"
Warning (13012): Latch selULA[1] has unsafe behavior
    Warning (13013): Ports D and ENA on the latch are fed by the same signal estado.t7
Warning (13012): Latch selULA[0] has unsafe behavior
    Warning (13013): Ports D and ENA on the latch are fed by the same signal estado.t7
Warning (13012): Latch selULA[2] has unsafe behavior
    Warning (13013): Ports D and ENA on the latch are fed by the same signal estado.t7
Warning (13012): Latch cargaAC has unsafe behavior
    Warning (13013): Ports D and ENA on the latch are fed by the same signal estado.t0
Warning (13012): Latch writeSignal has unsafe behavior
    Warning (13013): Ports D and ENA on the latch are fed by the same signal estado.t7
Warning (13012): Latch cargaRI has unsafe behavior
    Warning (13013): Ports D and ENA on the latch are fed by the same signal estado.t2
Warning (13012): Latch sel has unsafe behavior
    Warning (13013): Ports D and ENA on the latch are fed by the same signal estado.t5
Warning (13012): Latch cargaRDM has unsafe behavior
    Warning (13013): Ports D and ENA on the latch are fed by the same signal estado.t6
Warning (13012): Latch cargaPC has unsafe behavior
    Warning (13013): Ports D and ENA on the latch are fed by the same signal estado.t5
Warning (13012): Latch incrementaPC has unsafe behavior
    Warning (13013): Ports D and ENA on the latch are fed by the same signal estado.t3
Info (13000): Registers with preset signals will power-up high
Info (13003): DEV_CLRn pin will set, and not reset, register with preset signal due to NOT Gate Push-Back
Info (17049): 12 registers lost all their fanouts during netlist optimizations.
Info (16010): Generating hard_block partition "hard_block:auto_generated_inst"
    Info (16011): Adding 0 node(s), including 0 DDIO, 0 PLL, 0 transceiver and 0 LCELL
Info (21057): Implemented 385 device resources after synthesis - the final resource count might be different
    Info (21058): Implemented 2 input pins
    Info (21059): Implemented 12 output pins
    Info (21061): Implemented 371 logic cells
Info: Quartus II 64-Bit Analysis & Synthesis was successful. 0 errors, 68 warnings
    Info: Peak virtual memory: 4628 megabytes
    Info: Processing ended: Tue Jun 22 15:29:47 2021
    Info: Elapsed time: 00:00:02
    Info: Total CPU time (on all processors): 00:00:02


