Analysis & Synthesis report for Neander
Mon Jun 14 10:21:40 2021
Quartus II 64-Bit Version 13.0.1 Build 232 06/12/2013 Service Pack 1 SJ Web Edition


---------------------
; Table of Contents ;
---------------------
  1. Legal Notice
  2. Analysis & Synthesis Summary
  3. Analysis & Synthesis Settings
  4. Parallel Compilation
  5. Analysis & Synthesis Source Files Read
  6. Analysis & Synthesis Resource Usage Summary
  7. Analysis & Synthesis Resource Utilization by Entity
  8. Analysis & Synthesis RAM Summary
  9. State Machine - |Neander|estado
 10. User-Specified and Inferred Latches
 11. Registers Removed During Synthesis
 12. General Register Statistics
 13. Registers Packed Into Inferred Megafunctions
 14. Multiplexer Restructuring Statistics (Restructuring Performed)
 15. Source assignments for RAM:MEMORIA|altsyncram:MEMORY_rtl_0|altsyncram_qhd1:auto_generated
 16. Parameter Settings for Inferred Entity Instance: RAM:MEMORIA|altsyncram:MEMORY_rtl_0
 17. altsyncram Parameter Settings by Entity Instance
 18. Port Connectivity Checks: "INST:OPCODE|Reg8Bits:CON"
 19. Port Connectivity Checks: "INST:OPCODE"
 20. Port Connectivity Checks: "NZ:NEGATIVOZERO|Reg2Bits:CON"
 21. Port Connectivity Checks: "RDM:REGRDM|Reg8Bits:CON"
 22. Port Connectivity Checks: "REMReg:REGREM|Reg8Bits:CON"
 23. Port Connectivity Checks: "ACC:ACUMULADOR|Reg8Bits:CON"
 24. Elapsed Time Per Partition
 25. Analysis & Synthesis Messages



----------------
; Legal Notice ;
----------------
Copyright (C) 1991-2013 Altera Corporation
Your use of Altera Corporation's design tools, logic functions 
and other software and tools, and its AMPP partner logic 
functions, and any output files from any of the foregoing 
(including device programming or simulation files), and any 
associated documentation or information are expressly subject 
to the terms and conditions of the Altera Program License 
Subscription Agreement, Altera MegaCore Function License 
Agreement, or other applicable license agreement, including, 
without limitation, that your use is for the sole purpose of 
programming logic devices manufactured by Altera and sold by 
Altera or its authorized distributors.  Please refer to the 
applicable agreement for further details.



+--------------------------------------------------------------------------------------+
; Analysis & Synthesis Summary                                                         ;
+------------------------------------+-------------------------------------------------+
; Analysis & Synthesis Status        ; Successful - Mon Jun 14 10:21:40 2021           ;
; Quartus II 64-Bit Version          ; 13.0.1 Build 232 06/12/2013 SP 1 SJ Web Edition ;
; Revision Name                      ; Neander                                         ;
; Top-level Entity Name              ; Neander                                         ;
; Family                             ; Cyclone II                                      ;
; Total logic elements               ; 134                                             ;
;     Total combinational functions  ; 126                                             ;
;     Dedicated logic registers      ; 30                                              ;
; Total registers                    ; 30                                              ;
; Total pins                         ; 18                                              ;
; Total virtual pins                 ; 0                                               ;
; Total memory bits                  ; 128                                             ;
; Embedded Multiplier 9-bit elements ; 0                                               ;
; Total PLLs                         ; 0                                               ;
+------------------------------------+-------------------------------------------------+


+----------------------------------------------------------------------------------------------------------------------+
; Analysis & Synthesis Settings                                                                                        ;
+----------------------------------------------------------------------------+--------------------+--------------------+
; Option                                                                     ; Setting            ; Default Value      ;
+----------------------------------------------------------------------------+--------------------+--------------------+
; Top-level entity name                                                      ; Neander            ; Neander            ;
; Family name                                                                ; Cyclone II         ; Cyclone IV GX      ;
; Use smart compilation                                                      ; Off                ; Off                ;
; Enable parallel Assembler and TimeQuest Timing Analyzer during compilation ; On                 ; On                 ;
; Enable compact report table                                                ; Off                ; Off                ;
; Restructure Multiplexers                                                   ; Auto               ; Auto               ;
; Create Debugging Nodes for IP Cores                                        ; Off                ; Off                ;
; Preserve fewer node names                                                  ; On                 ; On                 ;
; Disable OpenCore Plus hardware evaluation                                  ; Off                ; Off                ;
; Verilog Version                                                            ; Verilog_2001       ; Verilog_2001       ;
; VHDL Version                                                               ; VHDL_1993          ; VHDL_1993          ;
; State Machine Processing                                                   ; Auto               ; Auto               ;
; Safe State Machine                                                         ; Off                ; Off                ;
; Extract Verilog State Machines                                             ; On                 ; On                 ;
; Extract VHDL State Machines                                                ; On                 ; On                 ;
; Ignore Verilog initial constructs                                          ; Off                ; Off                ;
; Iteration limit for constant Verilog loops                                 ; 5000               ; 5000               ;
; Iteration limit for non-constant Verilog loops                             ; 250                ; 250                ;
; Add Pass-Through Logic to Inferred RAMs                                    ; On                 ; On                 ;
; Infer RAMs from Raw Logic                                                  ; On                 ; On                 ;
; Parallel Synthesis                                                         ; On                 ; On                 ;
; DSP Block Balancing                                                        ; Auto               ; Auto               ;
; NOT Gate Push-Back                                                         ; On                 ; On                 ;
; Power-Up Don't Care                                                        ; On                 ; On                 ;
; Remove Redundant Logic Cells                                               ; Off                ; Off                ;
; Remove Duplicate Registers                                                 ; On                 ; On                 ;
; Ignore CARRY Buffers                                                       ; Off                ; Off                ;
; Ignore CASCADE Buffers                                                     ; Off                ; Off                ;
; Ignore GLOBAL Buffers                                                      ; Off                ; Off                ;
; Ignore ROW GLOBAL Buffers                                                  ; Off                ; Off                ;
; Ignore LCELL Buffers                                                       ; Off                ; Off                ;
; Ignore SOFT Buffers                                                        ; On                 ; On                 ;
; Limit AHDL Integers to 32 Bits                                             ; Off                ; Off                ;
; Optimization Technique                                                     ; Balanced           ; Balanced           ;
; Carry Chain Length                                                         ; 70                 ; 70                 ;
; Auto Carry Chains                                                          ; On                 ; On                 ;
; Auto Open-Drain Pins                                                       ; On                 ; On                 ;
; Perform WYSIWYG Primitive Resynthesis                                      ; Off                ; Off                ;
; Auto ROM Replacement                                                       ; On                 ; On                 ;
; Auto RAM Replacement                                                       ; On                 ; On                 ;
; Auto Shift Register Replacement                                            ; Auto               ; Auto               ;
; Allow Shift Register Merging across Hierarchies                            ; Auto               ; Auto               ;
; Auto Clock Enable Replacement                                              ; On                 ; On                 ;
; Strict RAM Replacement                                                     ; Off                ; Off                ;
; Allow Synchronous Control Signals                                          ; On                 ; On                 ;
; Force Use of Synchronous Clear Signals                                     ; Off                ; Off                ;
; Auto RAM to Logic Cell Conversion                                          ; Off                ; Off                ;
; Auto Resource Sharing                                                      ; Off                ; Off                ;
; Allow Any RAM Size For Recognition                                         ; Off                ; Off                ;
; Allow Any ROM Size For Recognition                                         ; Off                ; Off                ;
; Allow Any Shift Register Size For Recognition                              ; Off                ; Off                ;
; Use LogicLock Constraints during Resource Balancing                        ; On                 ; On                 ;
; Ignore translate_off and synthesis_off directives                          ; Off                ; Off                ;
; Timing-Driven Synthesis                                                    ; Off                ; Off                ;
; Report Parameter Settings                                                  ; On                 ; On                 ;
; Report Source Assignments                                                  ; On                 ; On                 ;
; Report Connectivity Checks                                                 ; On                 ; On                 ;
; Ignore Maximum Fan-Out Assignments                                         ; Off                ; Off                ;
; Synchronization Register Chain Length                                      ; 2                  ; 2                  ;
; PowerPlay Power Optimization                                               ; Normal compilation ; Normal compilation ;
; HDL message level                                                          ; Level2             ; Level2             ;
; Suppress Register Optimization Related Messages                            ; Off                ; Off                ;
; Number of Removed Registers Reported in Synthesis Report                   ; 5000               ; 5000               ;
; Number of Swept Nodes Reported in Synthesis Report                         ; 5000               ; 5000               ;
; Number of Inverted Registers Reported in Synthesis Report                  ; 100                ; 100                ;
; Clock MUX Protection                                                       ; On                 ; On                 ;
; Auto Gated Clock Conversion                                                ; Off                ; Off                ;
; Block Design Naming                                                        ; Auto               ; Auto               ;
; SDC constraint protection                                                  ; Off                ; Off                ;
; Synthesis Effort                                                           ; Auto               ; Auto               ;
; Shift Register Replacement - Allow Asynchronous Clear Signal               ; On                 ; On                 ;
; Pre-Mapping Resynthesis Optimization                                       ; Off                ; Off                ;
; Analysis & Synthesis Message Level                                         ; Medium             ; Medium             ;
; Disable Register Merging Across Hierarchies                                ; Auto               ; Auto               ;
; Resource Aware Inference For Block RAM                                     ; On                 ; On                 ;
; Synthesis Seed                                                             ; 1                  ; 1                  ;
+----------------------------------------------------------------------------+--------------------+--------------------+


Parallel compilation was disabled, but you have multiple processors available. Enable parallel compilation to reduce compilation time.
+-------------------------------------+
; Parallel Compilation                ;
+----------------------------+--------+
; Processors                 ; Number ;
+----------------------------+--------+
; Number detected on machine ; 4      ;
; Maximum allowed            ; 1      ;
+----------------------------+--------+


+-----------------------------------------------------------------------------------------------------------------------------------------------------------------------+
; Analysis & Synthesis Source Files Read                                                                                                                                ;
+----------------------------------+-----------------+------------------------------+-------------------------------------------------------------------------+---------+
; File Name with User-Entered Path ; Used in Netlist ; File Type                    ; File Name with Absolute Path                                            ; Library ;
+----------------------------------+-----------------+------------------------------+-------------------------------------------------------------------------+---------+
; Neander.vhd                      ; yes             ; User VHDL File               ; C:/Users/wagne/Desktop/Neander/Neander.vhd                              ;         ;
; acc.vhd                          ; yes             ; Auto-Found VHDL File         ; C:/Users/wagne/Desktop/Neander/acc.vhd                                  ;         ;
; reg8bits.vhd                     ; yes             ; Auto-Found VHDL File         ; C:/Users/wagne/Desktop/Neander/reg8bits.vhd                             ;         ;
; ula.vhd                          ; yes             ; Auto-Found VHDL File         ; C:/Users/wagne/Desktop/Neander/ula.vhd                                  ;         ;
; pc.vhd                           ; yes             ; Auto-Found VHDL File         ; C:/Users/wagne/Desktop/Neander/pc.vhd                                   ;         ;
; mux21.vhd                        ; yes             ; Auto-Found VHDL File         ; C:/Users/wagne/Desktop/Neander/mux21.vhd                                ;         ;
; remreg.vhd                       ; yes             ; Auto-Found VHDL File         ; C:/Users/wagne/Desktop/Neander/remreg.vhd                               ;         ;
; ram.vhd                          ; yes             ; Auto-Found VHDL File         ; C:/Users/wagne/Desktop/Neander/ram.vhd                                  ;         ;
; rdm.vhd                          ; yes             ; Auto-Found VHDL File         ; C:/Users/wagne/Desktop/Neander/rdm.vhd                                  ;         ;
; nz.vhd                           ; yes             ; Auto-Found VHDL File         ; C:/Users/wagne/Desktop/Neander/nz.vhd                                   ;         ;
; reg2bits.vhd                     ; yes             ; Auto-Found VHDL File         ; C:/Users/wagne/Desktop/Neander/reg2bits.vhd                             ;         ;
; inst.vhd                         ; yes             ; Auto-Found VHDL File         ; C:/Users/wagne/Desktop/Neander/inst.vhd                                 ;         ;
; altsyncram.tdf                   ; yes             ; Megafunction                 ; c:/altera/13.0sp1/quartus/libraries/megafunctions/altsyncram.tdf        ;         ;
; stratix_ram_block.inc            ; yes             ; Megafunction                 ; c:/altera/13.0sp1/quartus/libraries/megafunctions/stratix_ram_block.inc ;         ;
; lpm_mux.inc                      ; yes             ; Megafunction                 ; c:/altera/13.0sp1/quartus/libraries/megafunctions/lpm_mux.inc           ;         ;
; lpm_decode.inc                   ; yes             ; Megafunction                 ; c:/altera/13.0sp1/quartus/libraries/megafunctions/lpm_decode.inc        ;         ;
; aglobal130.inc                   ; yes             ; Megafunction                 ; c:/altera/13.0sp1/quartus/libraries/megafunctions/aglobal130.inc        ;         ;
; a_rdenreg.inc                    ; yes             ; Megafunction                 ; c:/altera/13.0sp1/quartus/libraries/megafunctions/a_rdenreg.inc         ;         ;
; altrom.inc                       ; yes             ; Megafunction                 ; c:/altera/13.0sp1/quartus/libraries/megafunctions/altrom.inc            ;         ;
; altram.inc                       ; yes             ; Megafunction                 ; c:/altera/13.0sp1/quartus/libraries/megafunctions/altram.inc            ;         ;
; altdpram.inc                     ; yes             ; Megafunction                 ; c:/altera/13.0sp1/quartus/libraries/megafunctions/altdpram.inc          ;         ;
; db/altsyncram_qhd1.tdf           ; yes             ; Auto-Generated Megafunction  ; C:/Users/wagne/Desktop/Neander/db/altsyncram_qhd1.tdf                   ;         ;
+----------------------------------+-----------------+------------------------------+-------------------------------------------------------------------------+---------+


+-----------------------------------------------------+
; Analysis & Synthesis Resource Usage Summary         ;
+---------------------------------------------+-------+
; Resource                                    ; Usage ;
+---------------------------------------------+-------+
; Estimated Total logic elements              ; 134   ;
;                                             ;       ;
; Total combinational functions               ; 126   ;
; Logic element usage by number of LUT inputs ;       ;
;     -- 4 input functions                    ; 58    ;
;     -- 3 input functions                    ; 49    ;
;     -- <=2 input functions                  ; 19    ;
;                                             ;       ;
; Logic elements by mode                      ;       ;
;     -- normal mode                          ; 116   ;
;     -- arithmetic mode                      ; 10    ;
;                                             ;       ;
; Total registers                             ; 30    ;
;     -- Dedicated logic registers            ; 30    ;
;     -- I/O registers                        ; 0     ;
;                                             ;       ;
; I/O pins                                    ; 18    ;
; Total memory bits                           ; 128   ;
; Embedded Multiplier 9-bit elements          ; 0     ;
; Maximum fan-out node                        ; clock ;
; Maximum fan-out                             ; 38    ;
; Total fan-out                               ; 585   ;
; Average fan-out                             ; 3.21  ;
+---------------------------------------------+-------+


+----------------------------------------------------------------------------------------------------------------------------------------------------------------------------------------------------------------------------------------------------+
; Analysis & Synthesis Resource Utilization by Entity                                                                                                                                                                                                ;
+-------------------------------------------+-------------------+--------------+-------------+--------------+---------+-----------+------+--------------+-----------------------------------------------------------------------------+--------------+
; Compilation Hierarchy Node                ; LC Combinationals ; LC Registers ; Memory Bits ; DSP Elements ; DSP 9x9 ; DSP 18x18 ; Pins ; Virtual Pins ; Full Hierarchy Name                                                         ; Library Name ;
+-------------------------------------------+-------------------+--------------+-------------+--------------+---------+-----------+------+--------------+-----------------------------------------------------------------------------+--------------+
; |Neander                                  ; 126 (79)          ; 30 (9)       ; 128         ; 0            ; 0       ; 0         ; 18   ; 0            ; |Neander                                                                    ; work         ;
;    |ACC:ACUMULADOR|                       ; 0 (0)             ; 8 (0)        ; 0           ; 0            ; 0       ; 0         ; 0    ; 0            ; |Neander|ACC:ACUMULADOR                                                     ; work         ;
;       |Reg8Bits:CON|                      ; 0 (0)             ; 8 (8)        ; 0           ; 0            ; 0       ; 0         ; 0    ; 0            ; |Neander|ACC:ACUMULADOR|Reg8Bits:CON                                        ; work         ;
;    |INST:OPCODE|                          ; 0 (0)             ; 4 (0)        ; 0           ; 0            ; 0       ; 0         ; 0    ; 0            ; |Neander|INST:OPCODE                                                        ; work         ;
;       |Reg8Bits:CON|                      ; 0 (0)             ; 4 (4)        ; 0           ; 0            ; 0       ; 0         ; 0    ; 0            ; |Neander|INST:OPCODE|Reg8Bits:CON                                           ; work         ;
;    |MUX21:SELETOR|                        ; 4 (4)             ; 0 (0)        ; 0           ; 0            ; 0       ; 0         ; 0    ; 0            ; |Neander|MUX21:SELETOR                                                      ; work         ;
;    |NZ:NEGATIVOZERO|                      ; 0 (0)             ; 1 (0)        ; 0           ; 0            ; 0       ; 0         ; 0    ; 0            ; |Neander|NZ:NEGATIVOZERO                                                    ; work         ;
;       |Reg2Bits:CON|                      ; 0 (0)             ; 1 (1)        ; 0           ; 0            ; 0       ; 0         ; 0    ; 0            ; |Neander|NZ:NEGATIVOZERO|Reg2Bits:CON                                       ; work         ;
;    |PC:PROGRAM_COUNTER|                   ; 7 (7)             ; 4 (4)        ; 0           ; 0            ; 0       ; 0         ; 0    ; 0            ; |Neander|PC:PROGRAM_COUNTER                                                 ; work         ;
;    |RAM:MEMORIA|                          ; 0 (0)             ; 0 (0)        ; 128         ; 0            ; 0       ; 0         ; 0    ; 0            ; |Neander|RAM:MEMORIA                                                        ; work         ;
;       |altsyncram:MEMORY_rtl_0|           ; 0 (0)             ; 0 (0)        ; 128         ; 0            ; 0       ; 0         ; 0    ; 0            ; |Neander|RAM:MEMORIA|altsyncram:MEMORY_rtl_0                                ; work         ;
;          |altsyncram_qhd1:auto_generated| ; 0 (0)             ; 0 (0)        ; 128         ; 0            ; 0       ; 0         ; 0    ; 0            ; |Neander|RAM:MEMORIA|altsyncram:MEMORY_rtl_0|altsyncram_qhd1:auto_generated ; work         ;
;    |REMReg:REGREM|                        ; 0 (0)             ; 4 (0)        ; 0           ; 0            ; 0       ; 0         ; 0    ; 0            ; |Neander|REMReg:REGREM                                                      ; work         ;
;       |Reg8Bits:CON|                      ; 0 (0)             ; 4 (4)        ; 0           ; 0            ; 0       ; 0         ; 0    ; 0            ; |Neander|REMReg:REGREM|Reg8Bits:CON                                         ; work         ;
;    |ULA:UAL|                              ; 36 (36)           ; 0 (0)        ; 0           ; 0            ; 0       ; 0         ; 0    ; 0            ; |Neander|ULA:UAL                                                            ; work         ;
+-------------------------------------------+-------------------+--------------+-------------+--------------+---------+-----------+------+--------------+-----------------------------------------------------------------------------+--------------+
Note: For table entries with two numbers listed, the numbers in parentheses indicate the number of resources of the given type used by the specific entity alone. The numbers listed outside of parentheses indicate the total resources of the given type used by the specific entity and all of its sub-entities in the hierarchy.


+-----------------------------------------------------------------------------------------------------------------------------------------------------------------------------------+
; Analysis & Synthesis RAM Summary                                                                                                                                                  ;
+-------------------------------------------------------------------------------+------+------------------+--------------+--------------+--------------+--------------+------+------+
; Name                                                                          ; Type ; Mode             ; Port A Depth ; Port A Width ; Port B Depth ; Port B Width ; Size ; MIF  ;
+-------------------------------------------------------------------------------+------+------------------+--------------+--------------+--------------+--------------+------+------+
; RAM:MEMORIA|altsyncram:MEMORY_rtl_0|altsyncram_qhd1:auto_generated|ALTSYNCRAM ; AUTO ; Simple Dual Port ; 16           ; 8            ; 16           ; 8            ; 128  ; None ;
+-------------------------------------------------------------------------------+------+------------------+--------------+--------------+--------------+--------------+------+------+


Encoding Type:  One-Hot
+-------------------------------------------------------------------------------------------------------------------------+
; State Machine - |Neander|estado                                                                                         ;
+------------+------------+-----------+-----------+-----------+-----------+-----------+-----------+-----------+-----------+
; Name       ; estado.hlt ; estado.t7 ; estado.t6 ; estado.t5 ; estado.t4 ; estado.t3 ; estado.t2 ; estado.t1 ; estado.t0 ;
+------------+------------+-----------+-----------+-----------+-----------+-----------+-----------+-----------+-----------+
; estado.t0  ; 0          ; 0         ; 0         ; 0         ; 0         ; 0         ; 0         ; 0         ; 0         ;
; estado.t1  ; 0          ; 0         ; 0         ; 0         ; 0         ; 0         ; 0         ; 1         ; 1         ;
; estado.t2  ; 0          ; 0         ; 0         ; 0         ; 0         ; 0         ; 1         ; 0         ; 1         ;
; estado.t3  ; 0          ; 0         ; 0         ; 0         ; 0         ; 1         ; 0         ; 0         ; 1         ;
; estado.t4  ; 0          ; 0         ; 0         ; 0         ; 1         ; 0         ; 0         ; 0         ; 1         ;
; estado.t5  ; 0          ; 0         ; 0         ; 1         ; 0         ; 0         ; 0         ; 0         ; 1         ;
; estado.t6  ; 0          ; 0         ; 1         ; 0         ; 0         ; 0         ; 0         ; 0         ; 1         ;
; estado.t7  ; 0          ; 1         ; 0         ; 0         ; 0         ; 0         ; 0         ; 0         ; 1         ;
; estado.hlt ; 1          ; 0         ; 0         ; 0         ; 0         ; 0         ; 0         ; 0         ; 1         ;
+------------+------------+-----------+-----------+-----------+-----------+-----------+-----------+-----------+-----------+


+----------------------------------------------------------------------------------------------------+
; User-Specified and Inferred Latches                                                                ;
+-----------------------------------------------------+---------------------+------------------------+
; Latch Name                                          ; Latch Enable Signal ; Free of Timing Hazards ;
+-----------------------------------------------------+---------------------+------------------------+
; rw                                                  ; Selector27          ; yes                    ;
; memIn[0]                                            ; Selector28          ; yes                    ;
; endMem[0]                                           ; Selector28          ; yes                    ;
; endMem[1]                                           ; Selector28          ; yes                    ;
; endMem[2]                                           ; Selector28          ; yes                    ;
; endMem[3]                                           ; Selector28          ; yes                    ;
; memIn[1]                                            ; Selector28          ; yes                    ;
; memIn[2]                                            ; Selector28          ; yes                    ;
; memIn[3]                                            ; Selector28          ; yes                    ;
; memIn[4]                                            ; Selector28          ; yes                    ;
; memIn[5]                                            ; Selector28          ; yes                    ;
; memIn[6]                                            ; Selector28          ; yes                    ;
; memIn[7]                                            ; Selector28          ; yes                    ;
; selULA[1]                                           ; Selector0           ; yes                    ;
; selULA[0]                                           ; Selector0           ; yes                    ;
; selULA[2]                                           ; Selector0           ; yes                    ;
; cargaAC                                             ; Selector37          ; yes                    ;
; cargaRI                                             ; WideOr1             ; yes                    ;
; cargaNZ                                             ; Selector37          ; yes                    ;
; selMux                                              ; Selector33          ; yes                    ;
; cargaREM                                            ; Selector32          ; yes                    ;
; cargaPC                                             ; Selector34          ; yes                    ;
; Number of user-specified and inferred latches = 22  ;                     ;                        ;
+-----------------------------------------------------+---------------------+------------------------+
Note: All latches listed above may not be present at the end of synthesis due to various synthesis optimizations.


+--------------------------------------------------------------------------------------------+
; Registers Removed During Synthesis                                                         ;
+----------------------------------------+---------------------------------------------------+
; Register name                          ; Reason for Removal                                ;
+----------------------------------------+---------------------------------------------------+
; RDM:REGRDM|Reg8Bits:CON|q_temp[0..7]   ; Stuck at GND due to stuck port data_in            ;
; PC:PROGRAM_COUNTER|count[4..7]         ; Lost fanout                                       ;
; NZ:NEGATIVOZERO|Reg2Bits:CON|q_temp[0] ; Merged with ACC:ACUMULADOR|Reg8Bits:CON|q_temp[7] ;
; Total Number of Removed Registers = 13 ;                                                   ;
+----------------------------------------+---------------------------------------------------+


+------------------------------------------------------+
; General Register Statistics                          ;
+----------------------------------------------+-------+
; Statistic                                    ; Value ;
+----------------------------------------------+-------+
; Total registers                              ; 30    ;
; Number of registers using Synchronous Clear  ; 0     ;
; Number of registers using Synchronous Load   ; 4     ;
; Number of registers using Asynchronous Clear ; 9     ;
; Number of registers using Asynchronous Load  ; 0     ;
; Number of registers using Clock Enable       ; 21    ;
; Number of registers using Preset             ; 0     ;
+----------------------------------------------+-------+


+-----------------------------------------------------------+
; Registers Packed Into Inferred Megafunctions              ;
+-------------------------+--------------------------+------+
; Register Name           ; Megafunction             ; Type ;
+-------------------------+--------------------------+------+
; RAM:MEMORIA|saida[0..7] ; RAM:MEMORIA|MEMORY_rtl_0 ; RAM  ;
+-------------------------+--------------------------+------+


+----------------------------------------------------------------------------------------------------------------------------------------------------+
; Multiplexer Restructuring Statistics (Restructuring Performed)                                                                                     ;
+--------------------+-----------+---------------+----------------------+------------------------+------------+--------------------------------------+
; Multiplexer Inputs ; Bus Width ; Baseline Area ; Area if Restructured ; Saving if Restructured ; Registered ; Example Multiplexer Output           ;
+--------------------+-----------+---------------+----------------------+------------------------+------------+--------------------------------------+
; 3:1                ; 8 bits    ; 16 LEs        ; 8 LEs                ; 8 LEs                  ; Yes        ; |Neander|PC:PROGRAM_COUNTER|count[0] ;
; 3:1                ; 2 bits    ; 4 LEs         ; 2 LEs                ; 2 LEs                  ; No         ; |Neander|selULA[1]                   ;
; 8:1                ; 8 bits    ; 40 LEs        ; 32 LEs               ; 8 LEs                  ; No         ; |Neander|ULA:UAL|Mux7                ;
+--------------------+-----------+---------------+----------------------+------------------------+------------+--------------------------------------+


+-------------------------------------------------------------------------------------------+
; Source assignments for RAM:MEMORIA|altsyncram:MEMORY_rtl_0|altsyncram_qhd1:auto_generated ;
+---------------------------------+--------------------+------+-----------------------------+
; Assignment                      ; Value              ; From ; To                          ;
+---------------------------------+--------------------+------+-----------------------------+
; OPTIMIZE_POWER_DURING_SYNTHESIS ; NORMAL_COMPILATION ; -    ; -                           ;
+---------------------------------+--------------------+------+-----------------------------+


+--------------------------------------------------------------------------------------+
; Parameter Settings for Inferred Entity Instance: RAM:MEMORIA|altsyncram:MEMORY_rtl_0 ;
+------------------------------------+----------------------+--------------------------+
; Parameter Name                     ; Value                ; Type                     ;
+------------------------------------+----------------------+--------------------------+
; BYTE_SIZE_BLOCK                    ; 8                    ; Untyped                  ;
; AUTO_CARRY_CHAINS                  ; ON                   ; AUTO_CARRY               ;
; IGNORE_CARRY_BUFFERS               ; OFF                  ; IGNORE_CARRY             ;
; AUTO_CASCADE_CHAINS                ; ON                   ; AUTO_CASCADE             ;
; IGNORE_CASCADE_BUFFERS             ; OFF                  ; IGNORE_CASCADE           ;
; WIDTH_BYTEENA                      ; 1                    ; Untyped                  ;
; OPERATION_MODE                     ; DUAL_PORT            ; Untyped                  ;
; WIDTH_A                            ; 8                    ; Untyped                  ;
; WIDTHAD_A                          ; 4                    ; Untyped                  ;
; NUMWORDS_A                         ; 16                   ; Untyped                  ;
; OUTDATA_REG_A                      ; UNREGISTERED         ; Untyped                  ;
; ADDRESS_ACLR_A                     ; NONE                 ; Untyped                  ;
; OUTDATA_ACLR_A                     ; NONE                 ; Untyped                  ;
; WRCONTROL_ACLR_A                   ; NONE                 ; Untyped                  ;
; INDATA_ACLR_A                      ; NONE                 ; Untyped                  ;
; BYTEENA_ACLR_A                     ; NONE                 ; Untyped                  ;
; WIDTH_B                            ; 8                    ; Untyped                  ;
; WIDTHAD_B                          ; 4                    ; Untyped                  ;
; NUMWORDS_B                         ; 16                   ; Untyped                  ;
; INDATA_REG_B                       ; CLOCK1               ; Untyped                  ;
; WRCONTROL_WRADDRESS_REG_B          ; CLOCK1               ; Untyped                  ;
; RDCONTROL_REG_B                    ; CLOCK1               ; Untyped                  ;
; ADDRESS_REG_B                      ; CLOCK1               ; Untyped                  ;
; OUTDATA_REG_B                      ; UNREGISTERED         ; Untyped                  ;
; BYTEENA_REG_B                      ; CLOCK1               ; Untyped                  ;
; INDATA_ACLR_B                      ; NONE                 ; Untyped                  ;
; WRCONTROL_ACLR_B                   ; NONE                 ; Untyped                  ;
; ADDRESS_ACLR_B                     ; NONE                 ; Untyped                  ;
; OUTDATA_ACLR_B                     ; NONE                 ; Untyped                  ;
; RDCONTROL_ACLR_B                   ; NONE                 ; Untyped                  ;
; BYTEENA_ACLR_B                     ; NONE                 ; Untyped                  ;
; WIDTH_BYTEENA_A                    ; 1                    ; Untyped                  ;
; WIDTH_BYTEENA_B                    ; 1                    ; Untyped                  ;
; RAM_BLOCK_TYPE                     ; AUTO                 ; Untyped                  ;
; BYTE_SIZE                          ; 8                    ; Untyped                  ;
; READ_DURING_WRITE_MODE_MIXED_PORTS ; DONT_CARE            ; Untyped                  ;
; READ_DURING_WRITE_MODE_PORT_A      ; NEW_DATA_NO_NBE_READ ; Untyped                  ;
; READ_DURING_WRITE_MODE_PORT_B      ; NEW_DATA_NO_NBE_READ ; Untyped                  ;
; INIT_FILE                          ; UNUSED               ; Untyped                  ;
; INIT_FILE_LAYOUT                   ; PORT_A               ; Untyped                  ;
; MAXIMUM_DEPTH                      ; 0                    ; Untyped                  ;
; CLOCK_ENABLE_INPUT_A               ; NORMAL               ; Untyped                  ;
; CLOCK_ENABLE_INPUT_B               ; NORMAL               ; Untyped                  ;
; CLOCK_ENABLE_OUTPUT_A              ; NORMAL               ; Untyped                  ;
; CLOCK_ENABLE_OUTPUT_B              ; NORMAL               ; Untyped                  ;
; CLOCK_ENABLE_CORE_A                ; USE_INPUT_CLKEN      ; Untyped                  ;
; CLOCK_ENABLE_CORE_B                ; USE_INPUT_CLKEN      ; Untyped                  ;
; ENABLE_ECC                         ; FALSE                ; Untyped                  ;
; ECC_PIPELINE_STAGE_ENABLED         ; FALSE                ; Untyped                  ;
; WIDTH_ECCSTATUS                    ; 3                    ; Untyped                  ;
; DEVICE_FAMILY                      ; Cyclone II           ; Untyped                  ;
; CBXI_PARAMETER                     ; altsyncram_qhd1      ; Untyped                  ;
+------------------------------------+----------------------+--------------------------+
Note: In order to hide this table in the UI and the text report file, please set the "Show Parameter Settings in Synthesis Report" option in "Analysis and Synthesis Settings -> More Settings" to "Off".


+---------------------------------------------------------------------------------+
; altsyncram Parameter Settings by Entity Instance                                ;
+-------------------------------------------+-------------------------------------+
; Name                                      ; Value                               ;
+-------------------------------------------+-------------------------------------+
; Number of entity instances                ; 1                                   ;
; Entity Instance                           ; RAM:MEMORIA|altsyncram:MEMORY_rtl_0 ;
;     -- OPERATION_MODE                     ; DUAL_PORT                           ;
;     -- WIDTH_A                            ; 8                                   ;
;     -- NUMWORDS_A                         ; 16                                  ;
;     -- OUTDATA_REG_A                      ; UNREGISTERED                        ;
;     -- WIDTH_B                            ; 8                                   ;
;     -- NUMWORDS_B                         ; 16                                  ;
;     -- ADDRESS_REG_B                      ; CLOCK1                              ;
;     -- OUTDATA_REG_B                      ; UNREGISTERED                        ;
;     -- RAM_BLOCK_TYPE                     ; AUTO                                ;
;     -- READ_DURING_WRITE_MODE_MIXED_PORTS ; DONT_CARE                           ;
+-------------------------------------------+-------------------------------------+


+-------------------------------------------------------------------------------------------------------------------------------------------------------------------------+
; Port Connectivity Checks: "INST:OPCODE|Reg8Bits:CON"                                                                                                                    ;
+-------+-------+----------+----------------------------------------------------------------------------------------------------------------------------------------------+
; Port  ; Type  ; Severity ; Details                                                                                                                                      ;
+-------+-------+----------+----------------------------------------------------------------------------------------------------------------------------------------------+
; clear ; Input ; Warning  ; Declared by entity but not connected by instance. If a default value exists, it will be used.  Otherwise, the port will be connected to GND. ;
+-------+-------+----------+----------------------------------------------------------------------------------------------------------------------------------------------+


+-----------------------------------------------------------------------------------------------------------------------+
; Port Connectivity Checks: "INST:OPCODE"                                                                               ;
+-------------+--------+----------+-------------------------------------------------------------------------------------+
; Port        ; Type   ; Severity ; Details                                                                             ;
+-------------+--------+----------+-------------------------------------------------------------------------------------+
; saida[3..0] ; Output ; Info     ; Connected to dangling logic. Logic that only feeds a dangling port will be removed. ;
+-------------+--------+----------+-------------------------------------------------------------------------------------+


+-------------------------------------------------------------------------------------------------------------------------------------------------------------------------+
; Port Connectivity Checks: "NZ:NEGATIVOZERO|Reg2Bits:CON"                                                                                                                ;
+-------+-------+----------+----------------------------------------------------------------------------------------------------------------------------------------------+
; Port  ; Type  ; Severity ; Details                                                                                                                                      ;
+-------+-------+----------+----------------------------------------------------------------------------------------------------------------------------------------------+
; clear ; Input ; Warning  ; Declared by entity but not connected by instance. If a default value exists, it will be used.  Otherwise, the port will be connected to GND. ;
+-------+-------+----------+----------------------------------------------------------------------------------------------------------------------------------------------+


+-------------------------------------------------------------------------------------------------------------------------------------------------------------------------+
; Port Connectivity Checks: "RDM:REGRDM|Reg8Bits:CON"                                                                                                                     ;
+-------+-------+----------+----------------------------------------------------------------------------------------------------------------------------------------------+
; Port  ; Type  ; Severity ; Details                                                                                                                                      ;
+-------+-------+----------+----------------------------------------------------------------------------------------------------------------------------------------------+
; clear ; Input ; Warning  ; Declared by entity but not connected by instance. If a default value exists, it will be used.  Otherwise, the port will be connected to GND. ;
+-------+-------+----------+----------------------------------------------------------------------------------------------------------------------------------------------+


+-------------------------------------------------------------------------------------------------------------------------------------------------------------------------+
; Port Connectivity Checks: "REMReg:REGREM|Reg8Bits:CON"                                                                                                                  ;
+-------+-------+----------+----------------------------------------------------------------------------------------------------------------------------------------------+
; Port  ; Type  ; Severity ; Details                                                                                                                                      ;
+-------+-------+----------+----------------------------------------------------------------------------------------------------------------------------------------------+
; clear ; Input ; Warning  ; Declared by entity but not connected by instance. If a default value exists, it will be used.  Otherwise, the port will be connected to GND. ;
+-------+-------+----------+----------------------------------------------------------------------------------------------------------------------------------------------+


+-------------------------------------------------------------------------------------------------------------------------------------------------------------------------+
; Port Connectivity Checks: "ACC:ACUMULADOR|Reg8Bits:CON"                                                                                                                 ;
+-------+-------+----------+----------------------------------------------------------------------------------------------------------------------------------------------+
; Port  ; Type  ; Severity ; Details                                                                                                                                      ;
+-------+-------+----------+----------------------------------------------------------------------------------------------------------------------------------------------+
; clear ; Input ; Warning  ; Declared by entity but not connected by instance. If a default value exists, it will be used.  Otherwise, the port will be connected to GND. ;
+-------+-------+----------+----------------------------------------------------------------------------------------------------------------------------------------------+


+-------------------------------+
; Elapsed Time Per Partition    ;
+----------------+--------------+
; Partition Name ; Elapsed Time ;
+----------------+--------------+
; Top            ; 00:00:01     ;
+----------------+--------------+


+-------------------------------+
; Analysis & Synthesis Messages ;
+-------------------------------+
Info: *******************************************************************
Info: Running Quartus II 64-Bit Analysis & Synthesis
    Info: Version 13.0.1 Build 232 06/12/2013 Service Pack 1 SJ Web Edition
    Info: Processing started: Mon Jun 14 10:21:37 2021
Info: Command: quartus_map --read_settings_files=on --write_settings_files=off Neander -c Neander
Warning (20028): Parallel compilation is not licensed and has been disabled
Info (12021): Found 2 design units, including 1 entities, in source file neander.vhd
    Info (12022): Found design unit 1: Neander-Arc
    Info (12023): Found entity 1: Neander
Info (12127): Elaborating entity "Neander" for the top level hierarchy
Warning (10541): VHDL Signal Declaration warning at Neander.vhd(23): used implicit default value for signal "rdmIn" because signal was never assigned a value or an explicit default value. Use of implicit default value may introduce unintended design optimizations.
Warning (10492): VHDL Process Statement warning at Neander.vhd(235): signal "estado" is read inside the Process Statement but isn't in the Process Statement's sensitivity list
Warning (10492): VHDL Process Statement warning at Neander.vhd(251): signal "rdmOut" is read inside the Process Statement but isn't in the Process Statement's sensitivity list
Warning (10492): VHDL Process Statement warning at Neander.vhd(252): signal "remOut" is read inside the Process Statement but isn't in the Process Statement's sensitivity list
Warning (10492): VHDL Process Statement warning at Neander.vhd(264): signal "instrucao" is read inside the Process Statement but isn't in the Process Statement's sensitivity list
Warning (10492): VHDL Process Statement warning at Neander.vhd(268): signal "instrucao" is read inside the Process Statement but isn't in the Process Statement's sensitivity list
Warning (10492): VHDL Process Statement warning at Neander.vhd(273): signal "instrucao" is read inside the Process Statement but isn't in the Process Statement's sensitivity list
Warning (10492): VHDL Process Statement warning at Neander.vhd(273): signal "nzout" is read inside the Process Statement but isn't in the Process Statement's sensitivity list
Warning (10492): VHDL Process Statement warning at Neander.vhd(276): signal "instrucao" is read inside the Process Statement but isn't in the Process Statement's sensitivity list
Warning (10492): VHDL Process Statement warning at Neander.vhd(276): signal "nzout" is read inside the Process Statement but isn't in the Process Statement's sensitivity list
Warning (10492): VHDL Process Statement warning at Neander.vhd(280): signal "instrucao" is read inside the Process Statement but isn't in the Process Statement's sensitivity list
Warning (10492): VHDL Process Statement warning at Neander.vhd(280): signal "nzout" is read inside the Process Statement but isn't in the Process Statement's sensitivity list
Warning (10492): VHDL Process Statement warning at Neander.vhd(283): signal "instrucao" is read inside the Process Statement but isn't in the Process Statement's sensitivity list
Warning (10492): VHDL Process Statement warning at Neander.vhd(283): signal "nzout" is read inside the Process Statement but isn't in the Process Statement's sensitivity list
Warning (10492): VHDL Process Statement warning at Neander.vhd(287): signal "instrucao" is read inside the Process Statement but isn't in the Process Statement's sensitivity list
Warning (10492): VHDL Process Statement warning at Neander.vhd(289): signal "instrucao" is read inside the Process Statement but isn't in the Process Statement's sensitivity list
Warning (10492): VHDL Process Statement warning at Neander.vhd(302): signal "instrucao" is read inside the Process Statement but isn't in the Process Statement's sensitivity list
Warning (10492): VHDL Process Statement warning at Neander.vhd(303): signal "rdmOut" is read inside the Process Statement but isn't in the Process Statement's sensitivity list
Warning (10492): VHDL Process Statement warning at Neander.vhd(304): signal "remOut" is read inside the Process Statement but isn't in the Process Statement's sensitivity list
Warning (10492): VHDL Process Statement warning at Neander.vhd(307): signal "instrucao" is read inside the Process Statement but isn't in the Process Statement's sensitivity list
Warning (10492): VHDL Process Statement warning at Neander.vhd(308): signal "rdmOut" is read inside the Process Statement but isn't in the Process Statement's sensitivity list
Warning (10492): VHDL Process Statement warning at Neander.vhd(309): signal "remOut" is read inside the Process Statement but isn't in the Process Statement's sensitivity list
Warning (10492): VHDL Process Statement warning at Neander.vhd(311): signal "instrucao" is read inside the Process Statement but isn't in the Process Statement's sensitivity list
Warning (10492): VHDL Process Statement warning at Neander.vhd(311): signal "nzout" is read inside the Process Statement but isn't in the Process Statement's sensitivity list
Warning (10492): VHDL Process Statement warning at Neander.vhd(312): signal "rdmOut" is read inside the Process Statement but isn't in the Process Statement's sensitivity list
Warning (10492): VHDL Process Statement warning at Neander.vhd(313): signal "remOut" is read inside the Process Statement but isn't in the Process Statement's sensitivity list
Warning (10492): VHDL Process Statement warning at Neander.vhd(315): signal "instrucao" is read inside the Process Statement but isn't in the Process Statement's sensitivity list
Warning (10492): VHDL Process Statement warning at Neander.vhd(315): signal "nzout" is read inside the Process Statement but isn't in the Process Statement's sensitivity list
Warning (10492): VHDL Process Statement warning at Neander.vhd(316): signal "rdmOut" is read inside the Process Statement but isn't in the Process Statement's sensitivity list
Warning (10492): VHDL Process Statement warning at Neander.vhd(317): signal "remOut" is read inside the Process Statement but isn't in the Process Statement's sensitivity list
Warning (10492): VHDL Process Statement warning at Neander.vhd(325): signal "instrucao" is read inside the Process Statement but isn't in the Process Statement's sensitivity list
Warning (10492): VHDL Process Statement warning at Neander.vhd(329): signal "instrucao" is read inside the Process Statement but isn't in the Process Statement's sensitivity list
Warning (10492): VHDL Process Statement warning at Neander.vhd(332): signal "instrucao" is read inside the Process Statement but isn't in the Process Statement's sensitivity list
Warning (10492): VHDL Process Statement warning at Neander.vhd(332): signal "nzout" is read inside the Process Statement but isn't in the Process Statement's sensitivity list
Warning (10492): VHDL Process Statement warning at Neander.vhd(335): signal "instrucao" is read inside the Process Statement but isn't in the Process Statement's sensitivity list
Warning (10492): VHDL Process Statement warning at Neander.vhd(335): signal "nzout" is read inside the Process Statement but isn't in the Process Statement's sensitivity list
Warning (10492): VHDL Process Statement warning at Neander.vhd(347): signal "instrucao" is read inside the Process Statement but isn't in the Process Statement's sensitivity list
Warning (10492): VHDL Process Statement warning at Neander.vhd(350): signal "instrucao" is read inside the Process Statement but isn't in the Process Statement's sensitivity list
Warning (10492): VHDL Process Statement warning at Neander.vhd(351): signal "rdmOut" is read inside the Process Statement but isn't in the Process Statement's sensitivity list
Warning (10492): VHDL Process Statement warning at Neander.vhd(352): signal "remOut" is read inside the Process Statement but isn't in the Process Statement's sensitivity list
Warning (10492): VHDL Process Statement warning at Neander.vhd(361): signal "instrucao" is read inside the Process Statement but isn't in the Process Statement's sensitivity list
Warning (10492): VHDL Process Statement warning at Neander.vhd(362): signal "acOut" is read inside the Process Statement but isn't in the Process Statement's sensitivity list
Warning (10492): VHDL Process Statement warning at Neander.vhd(363): signal "remOut" is read inside the Process Statement but isn't in the Process Statement's sensitivity list
Warning (10492): VHDL Process Statement warning at Neander.vhd(366): signal "instrucao" is read inside the Process Statement but isn't in the Process Statement's sensitivity list
Warning (10492): VHDL Process Statement warning at Neander.vhd(371): signal "instrucao" is read inside the Process Statement but isn't in the Process Statement's sensitivity list
Warning (10492): VHDL Process Statement warning at Neander.vhd(376): signal "instrucao" is read inside the Process Statement but isn't in the Process Statement's sensitivity list
Warning (10492): VHDL Process Statement warning at Neander.vhd(381): signal "instrucao" is read inside the Process Statement but isn't in the Process Statement's sensitivity list
Warning (10631): VHDL Process Statement warning at Neander.vhd(234): inferring latch(es) for signal or variable "cargaAC", which holds its previous value in one or more paths through the process
Warning (10631): VHDL Process Statement warning at Neander.vhd(234): inferring latch(es) for signal or variable "cargaNZ", which holds its previous value in one or more paths through the process
Warning (10631): VHDL Process Statement warning at Neander.vhd(234): inferring latch(es) for signal or variable "cargaRI", which holds its previous value in one or more paths through the process
Warning (10631): VHDL Process Statement warning at Neander.vhd(234): inferring latch(es) for signal or variable "cargaPC", which holds its previous value in one or more paths through the process
Warning (10631): VHDL Process Statement warning at Neander.vhd(234): inferring latch(es) for signal or variable "selMux", which holds its previous value in one or more paths through the process
Warning (10631): VHDL Process Statement warning at Neander.vhd(234): inferring latch(es) for signal or variable "cargaREM", which holds its previous value in one or more paths through the process
Warning (10631): VHDL Process Statement warning at Neander.vhd(234): inferring latch(es) for signal or variable "cargaRDM", which holds its previous value in one or more paths through the process
Warning (10631): VHDL Process Statement warning at Neander.vhd(234): inferring latch(es) for signal or variable "rw", which holds its previous value in one or more paths through the process
Warning (10631): VHDL Process Statement warning at Neander.vhd(234): inferring latch(es) for signal or variable "memIn", which holds its previous value in one or more paths through the process
Warning (10631): VHDL Process Statement warning at Neander.vhd(234): inferring latch(es) for signal or variable "endMem", which holds its previous value in one or more paths through the process
Warning (10631): VHDL Process Statement warning at Neander.vhd(234): inferring latch(es) for signal or variable "selULA", which holds its previous value in one or more paths through the process
Info (10041): Inferred latch for "selULA[0]" at Neander.vhd(234)
Info (10041): Inferred latch for "selULA[1]" at Neander.vhd(234)
Info (10041): Inferred latch for "selULA[2]" at Neander.vhd(234)
Info (10041): Inferred latch for "endMem[0]" at Neander.vhd(234)
Info (10041): Inferred latch for "endMem[1]" at Neander.vhd(234)
Info (10041): Inferred latch for "endMem[2]" at Neander.vhd(234)
Info (10041): Inferred latch for "endMem[3]" at Neander.vhd(234)
Info (10041): Inferred latch for "endMem[4]" at Neander.vhd(234)
Info (10041): Inferred latch for "endMem[5]" at Neander.vhd(234)
Info (10041): Inferred latch for "endMem[6]" at Neander.vhd(234)
Info (10041): Inferred latch for "endMem[7]" at Neander.vhd(234)
Info (10041): Inferred latch for "memIn[0]" at Neander.vhd(234)
Info (10041): Inferred latch for "memIn[1]" at Neander.vhd(234)
Info (10041): Inferred latch for "memIn[2]" at Neander.vhd(234)
Info (10041): Inferred latch for "memIn[3]" at Neander.vhd(234)
Info (10041): Inferred latch for "memIn[4]" at Neander.vhd(234)
Info (10041): Inferred latch for "memIn[5]" at Neander.vhd(234)
Info (10041): Inferred latch for "memIn[6]" at Neander.vhd(234)
Info (10041): Inferred latch for "memIn[7]" at Neander.vhd(234)
Info (10041): Inferred latch for "rw" at Neander.vhd(234)
Info (10041): Inferred latch for "cargaRDM" at Neander.vhd(234)
Info (10041): Inferred latch for "cargaREM" at Neander.vhd(234)
Info (10041): Inferred latch for "selMux" at Neander.vhd(234)
Info (10041): Inferred latch for "cargaPC" at Neander.vhd(234)
Info (10041): Inferred latch for "cargaRI" at Neander.vhd(234)
Info (10041): Inferred latch for "cargaNZ" at Neander.vhd(234)
Info (10041): Inferred latch for "cargaAC" at Neander.vhd(234)
Warning (12125): Using design file acc.vhd, which is not specified as a design file for the current project, but contains definitions for 2 design units and 1 entities in project
    Info (12022): Found design unit 1: ACC-arc
    Info (12023): Found entity 1: ACC
Info (12128): Elaborating entity "ACC" for hierarchy "ACC:ACUMULADOR"
Warning (12125): Using design file reg8bits.vhd, which is not specified as a design file for the current project, but contains definitions for 2 design units and 1 entities in project
    Info (12022): Found design unit 1: Reg8Bits-arc
    Info (12023): Found entity 1: Reg8Bits
Info (12128): Elaborating entity "Reg8Bits" for hierarchy "ACC:ACUMULADOR|Reg8Bits:CON"
Warning (10492): VHDL Process Statement warning at reg8bits.vhd(21): signal "clear" is read inside the Process Statement but isn't in the Process Statement's sensitivity list
Warning (12125): Using design file ula.vhd, which is not specified as a design file for the current project, but contains definitions for 2 design units and 1 entities in project
    Info (12022): Found design unit 1: ULA-ULA_ARQ
    Info (12023): Found entity 1: ULA
Info (12128): Elaborating entity "ULA" for hierarchy "ULA:UAL"
Warning (10492): VHDL Process Statement warning at ula.vhd(33): signal "sig_saida" is read inside the Process Statement but isn't in the Process Statement's sensitivity list
Warning (10492): VHDL Process Statement warning at ula.vhd(39): signal "sig_saida" is read inside the Process Statement but isn't in the Process Statement's sensitivity list
Warning (12125): Using design file pc.vhd, which is not specified as a design file for the current project, but contains definitions for 2 design units and 1 entities in project
    Info (12022): Found design unit 1: PC-arc
    Info (12023): Found entity 1: PC
Info (12128): Elaborating entity "PC" for hierarchy "PC:PROGRAM_COUNTER"
Warning (12125): Using design file mux21.vhd, which is not specified as a design file for the current project, but contains definitions for 2 design units and 1 entities in project
    Info (12022): Found design unit 1: MUX21-arq_Mux21
    Info (12023): Found entity 1: MUX21
Info (12128): Elaborating entity "MUX21" for hierarchy "MUX21:SELETOR"
Warning (12125): Using design file remreg.vhd, which is not specified as a design file for the current project, but contains definitions for 2 design units and 1 entities in project
    Info (12022): Found design unit 1: REMReg-arc
    Info (12023): Found entity 1: REMReg
Info (12128): Elaborating entity "REMReg" for hierarchy "REMReg:REGREM"
Warning (12125): Using design file ram.vhd, which is not specified as a design file for the current project, but contains definitions for 2 design units and 1 entities in project
    Info (12022): Found design unit 1: RAM-arc
    Info (12023): Found entity 1: RAM
Info (12128): Elaborating entity "RAM" for hierarchy "RAM:MEMORIA"
Warning (10492): VHDL Process Statement warning at ram.vhd(22): signal "endereco" is read inside the Process Statement but isn't in the Process Statement's sensitivity list
Warning (12125): Using design file rdm.vhd, which is not specified as a design file for the current project, but contains definitions for 2 design units and 1 entities in project
    Info (12022): Found design unit 1: RDM-arc
    Info (12023): Found entity 1: RDM
Info (12128): Elaborating entity "RDM" for hierarchy "RDM:REGRDM"
Warning (12125): Using design file nz.vhd, which is not specified as a design file for the current project, but contains definitions for 2 design units and 1 entities in project
    Info (12022): Found design unit 1: NZ-arc
    Info (12023): Found entity 1: NZ
Info (12128): Elaborating entity "NZ" for hierarchy "NZ:NEGATIVOZERO"
Warning (12125): Using design file reg2bits.vhd, which is not specified as a design file for the current project, but contains definitions for 2 design units and 1 entities in project
    Info (12022): Found design unit 1: Reg2Bits-arc
    Info (12023): Found entity 1: Reg2Bits
Info (12128): Elaborating entity "Reg2Bits" for hierarchy "NZ:NEGATIVOZERO|Reg2Bits:CON"
Warning (10492): VHDL Process Statement warning at reg2bits.vhd(21): signal "clear" is read inside the Process Statement but isn't in the Process Statement's sensitivity list
Warning (12125): Using design file inst.vhd, which is not specified as a design file for the current project, but contains definitions for 2 design units and 1 entities in project
    Info (12022): Found design unit 1: INST-arc
    Info (12023): Found entity 1: INST
Info (12128): Elaborating entity "INST" for hierarchy "INST:OPCODE"
Warning (276027): Inferred dual-clock RAM node "RAM:MEMORIA|MEMORY_rtl_0" from synchronous design logic.  The read-during-write behavior of a dual-clock RAM is undefined and may not match the behavior of the original design.
Info (19000): Inferred 1 megafunctions from design logic
    Info (276029): Inferred altsyncram megafunction from the following design logic: "RAM:MEMORIA|MEMORY_rtl_0" 
        Info (286033): Parameter OPERATION_MODE set to DUAL_PORT
        Info (286033): Parameter WIDTH_A set to 8
        Info (286033): Parameter WIDTHAD_A set to 4
        Info (286033): Parameter NUMWORDS_A set to 16
        Info (286033): Parameter WIDTH_B set to 8
        Info (286033): Parameter WIDTHAD_B set to 4
        Info (286033): Parameter NUMWORDS_B set to 16
        Info (286033): Parameter ADDRESS_ACLR_A set to NONE
        Info (286033): Parameter OUTDATA_REG_B set to UNREGISTERED
        Info (286033): Parameter ADDRESS_ACLR_B set to NONE
        Info (286033): Parameter OUTDATA_ACLR_B set to NONE
        Info (286033): Parameter ADDRESS_REG_B set to CLOCK1
        Info (286033): Parameter INDATA_ACLR_A set to NONE
        Info (286033): Parameter WRCONTROL_ACLR_A set to NONE
Info (12130): Elaborated megafunction instantiation "RAM:MEMORIA|altsyncram:MEMORY_rtl_0"
Info (12133): Instantiated megafunction "RAM:MEMORIA|altsyncram:MEMORY_rtl_0" with the following parameter:
    Info (12134): Parameter "OPERATION_MODE" = "DUAL_PORT"
    Info (12134): Parameter "WIDTH_A" = "8"
    Info (12134): Parameter "WIDTHAD_A" = "4"
    Info (12134): Parameter "NUMWORDS_A" = "16"
    Info (12134): Parameter "WIDTH_B" = "8"
    Info (12134): Parameter "WIDTHAD_B" = "4"
    Info (12134): Parameter "NUMWORDS_B" = "16"
    Info (12134): Parameter "ADDRESS_ACLR_A" = "NONE"
    Info (12134): Parameter "OUTDATA_REG_B" = "UNREGISTERED"
    Info (12134): Parameter "ADDRESS_ACLR_B" = "NONE"
    Info (12134): Parameter "OUTDATA_ACLR_B" = "NONE"
    Info (12134): Parameter "ADDRESS_REG_B" = "CLOCK1"
    Info (12134): Parameter "INDATA_ACLR_A" = "NONE"
    Info (12134): Parameter "WRCONTROL_ACLR_A" = "NONE"
Info (12021): Found 1 design units, including 1 entities, in source file db/altsyncram_qhd1.tdf
    Info (12023): Found entity 1: altsyncram_qhd1
Warning (12241): 5 hierarchies have connectivity warnings - see the Connectivity Checks report folder
Info (13025): Duplicate LATCH primitives merged into single LATCH primitive
    Info (13026): Duplicate LATCH primitive "cargaNZ" merged with LATCH primitive "cargaAC"
Warning (13012): Latch rw has unsafe behavior
    Warning (13013): Ports D and ENA on the latch are fed by the same signal estado.t7
Warning (13012): Latch memIn[0] has unsafe behavior
    Warning (13013): Ports D and ENA on the latch are fed by the same signal estado.t7
Warning (13012): Latch memIn[1] has unsafe behavior
    Warning (13013): Ports D and ENA on the latch are fed by the same signal estado.t7
Warning (13012): Latch memIn[2] has unsafe behavior
    Warning (13013): Ports D and ENA on the latch are fed by the same signal estado.t7
Warning (13012): Latch memIn[3] has unsafe behavior
    Warning (13013): Ports D and ENA on the latch are fed by the same signal estado.t7
Warning (13012): Latch memIn[4] has unsafe behavior
    Warning (13013): Ports D and ENA on the latch are fed by the same signal estado.t7
Warning (13012): Latch memIn[5] has unsafe behavior
    Warning (13013): Ports D and ENA on the latch are fed by the same signal estado.t7
Warning (13012): Latch memIn[6] has unsafe behavior
    Warning (13013): Ports D and ENA on the latch are fed by the same signal estado.t7
Warning (13012): Latch memIn[7] has unsafe behavior
    Warning (13013): Ports D and ENA on the latch are fed by the same signal estado.t7
Warning (13012): Latch selULA[1] has unsafe behavior
    Warning (13013): Ports D and ENA on the latch are fed by the same signal estado.t7
Warning (13012): Latch selULA[0] has unsafe behavior
    Warning (13013): Ports D and ENA on the latch are fed by the same signal estado.t7
Warning (13012): Latch selULA[2] has unsafe behavior
    Warning (13013): Ports D and ENA on the latch are fed by the same signal estado.t7
Warning (13012): Latch cargaAC has unsafe behavior
    Warning (13013): Ports D and ENA on the latch are fed by the same signal estado.t0
Warning (13012): Latch cargaRI has unsafe behavior
    Warning (13013): Ports D and ENA on the latch are fed by the same signal estado.t2
Warning (13012): Latch selMux has unsafe behavior
    Warning (13013): Ports D and ENA on the latch are fed by the same signal estado.t5
Warning (13012): Latch cargaPC has unsafe behavior
    Warning (13013): Ports D and ENA on the latch are fed by the same signal estado.t5
Info (17049): 4 registers lost all their fanouts during netlist optimizations.
Info (16010): Generating hard_block partition "hard_block:auto_generated_inst"
    Info (16011): Adding 0 node(s), including 0 DDIO, 0 PLL, 0 transceiver and 0 LCELL
Info (21057): Implemented 167 device resources after synthesis - the final resource count might be different
    Info (21058): Implemented 2 input pins
    Info (21059): Implemented 16 output pins
    Info (21061): Implemented 141 logic cells
    Info (21064): Implemented 8 RAM segments
Info: Quartus II 64-Bit Analysis & Synthesis was successful. 0 errors, 109 warnings
    Info: Peak virtual memory: 4641 megabytes
    Info: Processing ended: Mon Jun 14 10:21:40 2021
    Info: Elapsed time: 00:00:03
    Info: Total CPU time (on all processors): 00:00:02


